Archive member included because of file (symbol)

libkernel.a(prc_support.o)    Os_Lcfg.o (interrupt)
libkernel.a(target_config.o)  start.o (target_hardware_initialize)
libkernel.a(target_hw_counter.o)
                              Os_Lcfg.o (init_hwcounter_MAIN_HW_COUNTER)
libkernel.a(prc_config.o)     libkernel.a(target_config.o) (prc_hardware_initialize)
libkernel.a(vic.o)            libkernel.a(prc_config.o) (vic_initialize)
libkernel.a(avalon_timer.o)   lwip_test.o (target_timer_initialize)
libkernel.a(counter_manage.o)
                              Os_Lcfg.o (notify_hardware_counter)
libkernel.a(counter.o)        Os_Lcfg.o (counter_initialize)
libkernel.a(alarm.o)          Os_Lcfg.o (alarm_initialize)
libkernel.a(osctl_manage.o)   lwip_test.o (StartOS)
libkernel.a(osctl.o)          libkernel.a(counter_manage.o) (internal_call_errorhook)
libkernel.a(task_manage.o)    lwip_test.o (GetTaskID)
libkernel.a(interrupt_manage.o)
                              serial.o (SuspendAllInterrupts)
libkernel.a(interrupt.o)      Os_Lcfg.o (interrupt_initialize)
libkernel.a(task.o)           libkernel.a(prc_support.o) (p_schedtsk)
c:/altera/13.1/nios2eds/bin/gnu/h-i686-mingw32/bin/../lib/gcc/nios2-elf/4.7.3/../../../../../H-i686-mingw32/nios2-elf/lib\libc.a(lib_a-atexit.o)
                              alt_main.o (atexit)
c:/altera/13.1/nios2eds/bin/gnu/h-i686-mingw32/bin/../lib/gcc/nios2-elf/4.7.3/../../../../../H-i686-mingw32/nios2-elf/lib\libc.a(lib_a-exit.o)
                              alt_main.o (exit)
c:/altera/13.1/nios2eds/bin/gnu/h-i686-mingw32/bin/../lib/gcc/nios2-elf/4.7.3/../../../../../H-i686-mingw32/nios2-elf/lib\libc.a(lib_a-impure.o)
                              c:/altera/13.1/nios2eds/bin/gnu/h-i686-mingw32/bin/../lib/gcc/nios2-elf/4.7.3/../../../../../H-i686-mingw32/nios2-elf/lib\libc.a(lib_a-exit.o) (_global_impure_ptr)
c:/altera/13.1/nios2eds/bin/gnu/h-i686-mingw32/bin/../lib/gcc/nios2-elf/4.7.3/../../../../../H-i686-mingw32/nios2-elf/lib\libc.a(lib_a-int_errno.o)
                              altera_avalon_sgdma.o (errno)
c:/altera/13.1/nios2eds/bin/gnu/h-i686-mingw32/bin/../lib/gcc/nios2-elf/4.7.3/../../../../../H-i686-mingw32/nios2-elf/lib\libc.a(lib_a-malloc.o)
                              altera_avalon_tse.o (malloc)
c:/altera/13.1/nios2eds/bin/gnu/h-i686-mingw32/bin/../lib/gcc/nios2-elf/4.7.3/../../../../../H-i686-mingw32/nios2-elf/lib\libc.a(lib_a-mallocr.o)
                              c:/altera/13.1/nios2eds/bin/gnu/h-i686-mingw32/bin/../lib/gcc/nios2-elf/4.7.3/../../../../../H-i686-mingw32/nios2-elf/lib\libc.a(lib_a-malloc.o) (_malloc_r)
c:/altera/13.1/nios2eds/bin/gnu/h-i686-mingw32/bin/../lib/gcc/nios2-elf/4.7.3/../../../../../H-i686-mingw32/nios2-elf/lib\libc.a(lib_a-memcmp.o)
                              alt_find_dev.o (memcmp)
c:/altera/13.1/nios2eds/bin/gnu/h-i686-mingw32/bin/../lib/gcc/nios2-elf/4.7.3/../../../../../H-i686-mingw32/nios2-elf/lib\libc.a(lib_a-memcpy.o)
                              altera_avalon_tse.o (memcpy)
c:/altera/13.1/nios2eds/bin/gnu/h-i686-mingw32/bin/../lib/gcc/nios2-elf/4.7.3/../../../../../H-i686-mingw32/nios2-elf/lib\libc.a(lib_a-memset.o)
                              altera_avalon_tse.o (memset)
c:/altera/13.1/nios2eds/bin/gnu/h-i686-mingw32/bin/../lib/gcc/nios2-elf/4.7.3/../../../../../H-i686-mingw32/nios2-elf/lib\libc.a(lib_a-printf.o)
                              mem.o (printf)
c:/altera/13.1/nios2eds/bin/gnu/h-i686-mingw32/bin/../lib/gcc/nios2-elf/4.7.3/../../../../../H-i686-mingw32/nios2-elf/lib\libc.a(lib_a-puts.o)
                              httpd.o (puts)
c:/altera/13.1/nios2eds/bin/gnu/h-i686-mingw32/bin/../lib/gcc/nios2-elf/4.7.3/../../../../../H-i686-mingw32/nios2-elf/lib\libc.a(lib_a-sbrkr.o)
                              c:/altera/13.1/nios2eds/bin/gnu/h-i686-mingw32/bin/../lib/gcc/nios2-elf/4.7.3/../../../../../H-i686-mingw32/nios2-elf/lib\libc.a(lib_a-mallocr.o) (_sbrk_r)
c:/altera/13.1/nios2eds/bin/gnu/h-i686-mingw32/bin/../lib/gcc/nios2-elf/4.7.3/../../../../../H-i686-mingw32/nios2-elf/lib\libc.a(lib_a-strcmp.o)
                              fs.o (strcmp)
c:/altera/13.1/nios2eds/bin/gnu/h-i686-mingw32/bin/../lib/gcc/nios2-elf/4.7.3/../../../../../H-i686-mingw32/nios2-elf/lib\libc.a(lib_a-strcpy.o)
                              altera_avalon_tse.o (strcpy)
c:/altera/13.1/nios2eds/bin/gnu/h-i686-mingw32/bin/../lib/gcc/nios2-elf/4.7.3/../../../../../H-i686-mingw32/nios2-elf/lib\libc.a(lib_a-strlen.o)
                              altera_avalon_tse.o (strlen)
c:/altera/13.1/nios2eds/bin/gnu/h-i686-mingw32/bin/../lib/gcc/nios2-elf/4.7.3/../../../../../H-i686-mingw32/nios2-elf/lib\libc.a(lib_a-strncmp.o)
                              httpd.o (strncmp)
c:/altera/13.1/nios2eds/bin/gnu/h-i686-mingw32/bin/../lib/gcc/nios2-elf/4.7.3/../../../../../H-i686-mingw32/nios2-elf/lib\libc.a(lib_a-vfprintf.o)
[...]
Memory Configuration

Name             Origin             Length             Attributes
sdram_UNUSED     0x00000000         0x00000020
sdram_BEFORE_EXCEPTION 0x00000000         0x00000020
sdram            0x00000020         0x01ffffe0
descriptor_memory 0x02001000         0x00001000
ext_flash        0x04000000         0x00800000
reset            0x05000000         0x00000020
sram_reset       0x05000000         0x00000020
sram             0x05000020         0x001fffe0
onchip_memory2   0x0a000000         0x00020000
*default*        0x00000000         0xffffffff

Linker script and memory map

LOAD start.o
LOAD c:/altera/13.1/nios2eds/bin/gnu/h-i686-mingw32/bin/../lib/gcc/nios2-elf/4.7.3/../../../../../H-i686-mingw32/nios2-elf/lib/crt0.o
LOAD altera_avalon_sgdma.o
LOAD altera_avalon_tse_system_info.o
LOAD altera_avalon_tse.o
LOAD altera_vic.o
LOAD altera_vic_irq_init.o
LOAD altera_vic_isr_register.o
LOAD altera_vic_sw_intr.o
LOAD altera_vic_set_level.o
LOAD alt_usleep.o
LOAD alt_busy_sleep.o
LOAD alt_dcache_flush.o
LOAD alt_irq_register.o
LOAD alt_iic.o
LOAD alt_remap_uncached.o
LOAD alt_uncached_malloc.o
LOAD alt_do_ctors.o
LOAD alt_do_dtors.o
LOAD alt_dev.o
LOAD alt_dev_llist_insert.o
LOAD alt_errno.o
LOAD alt_find_dev.o
LOAD alt_io_redirect.o
LOAD alt_main.o
LOAD alt_malloc_lock.o
LOAD alt_release_fd.o
LOAD alt_sys_init.o
LOAD api_lib.o
LOAD api_msg.o
LOAD err.o
LOAD netbuf.o
LOAD netdb.o
LOAD netifapi.o
LOAD sockets.o
LOAD tcpip.o
LOAD mem.o
LOAD memp.o
LOAD netif.o
LOAD pbuf.o
LOAD raw.o
LOAD stats.o
LOAD sys.o
LOAD tcp.o
LOAD tcp_in.o
LOAD tcp_out.o
LOAD udp.o
LOAD dns.o
LOAD init.o
LOAD dhcp.o
LOAD def.o
LOAD timers.o
LOAD asn1_dec.o
LOAD asn1_enc.o
LOAD mib2.o
LOAD mib_structs.o
LOAD msg_in.o
LOAD msg_out.o
LOAD autoip.o
LOAD icmp.o
LOAD igmp.o
LOAD inet.o
LOAD inet_chksum.o
LOAD ip.o
LOAD ip_addr.o
LOAD ip_frag.o
LOAD slipif.o
LOAD etharp.o
LOAD ethernetif.o
LOAD auth.o
LOAD fsm.o
LOAD ipcp.o
LOAD lcp.o
LOAD magic.o
LOAD ppp.o
LOAD vj.o
LOAD chap.o
LOAD chpms.o
LOAD md5.o
LOAD pap.o
LOAD ppp_oe.o
LOAD randm.o
LOAD alteraTseEthernetif.o
LOAD fs.o
LOAD fsdata.o
LOAD httpd.o
LOAD lwip_tse_mac.o
LOAD tse_my_system.o
LOAD lwip_test.o
LOAD jtag_uart.o
LOAD banner.o
LOAD syslog.o
LOAD serial.o
LOAD log_output.o
LOAD vasyslog.o
LOAD t_perror.o
LOAD strerror.o
LOAD Os_Lcfg.o
LOAD libkernel.a
LOAD c:/altera/13.1/nios2eds/bin/gnu/h-i686-mingw32/bin/../lib/gcc/nios2-elf/4.7.3\libgcc.a
LOAD c:/altera/13.1/nios2eds/bin/gnu/h-i686-mingw32/bin/../lib/gcc/nios2-elf/4.7.3/../../../../../H-i686-mingw32/nios2-elf/lib\libc.a
LOAD c:/altera/13.1/nios2eds/bin/gnu/h-i686-mingw32/bin/../lib/gcc/nios2-elf/4.7.3\libgcc.a
START GROUP
LOAD c:/altera/13.1/nios2eds/bin/gnu/h-i686-mingw32/bin/../lib/gcc/nios2-elf/4.7.3/../../../../../H-i686-mingw32/nios2-elf/lib\libc.a
LOAD c:/altera/13.1/nios2eds/bin/gnu/h-i686-mingw32/bin/../lib/gcc/nios2-elf/4.7.3\libgcc.a
LOAD c:/altera/13.1/nios2eds/bin/gnu/h-i686-mingw32/bin/../lib/gcc/nios2-elf/4.7.3/../../../../../H-i686-mingw32/nios2-elf/lib\libnosys.a
LOAD c:/altera/13.1/nios2eds/bin/gnu/h-i686-mingw32/bin/../lib/gcc/nios2-elf/4.7.3/../../../../../H-i686-mingw32/nios2-elf/lib\libstack.a
END GROUP
LOAD c:/altera/13.1/nios2eds/bin/gnu/h-i686-mingw32/bin/../lib/gcc/nios2-elf/4.7.3\libgcc.a
                0x00000000                __alt_mem_ext_flash = 0x0
                0x00800000                __alt_mem_ext_ram = 0x800000
                0x00900000                __alt_mem_onchip_ram_64_kbytes = 0x900000
                0x05000000                __alt_mem_sdram = 0x5000000
                0x00000000                PROVIDE (hardware_init_hook, 0x0)
                0x00000000                PROVIDE (software_init_hook, 0x0)
                0x00000000                PROVIDE (software_term_hook, 0x0)
                0x02000000                PROVIDE (__alt_data_end, 0x2000000)
                0x00000000                PROVIDE (StartupHook, 0x0)
                0x00000000                PROVIDE (ShutdownHook, 0x0)
                0x00000000                PROVIDE (PreTaskHook, 0x0)
                0x00000000                PROVIDE (PostTaskHook, 0x0)
                0x00000000                PROVIDE (ErrorHook, 0x0)
                0x00000000                PROVIDE (ProtectionHook, 0x0)

.entry          0x05000000       0x20
 *(.entry)
 .entry         0x05000000       0x20 start.o
                0x05000000                __reset

.exceptions     0x00000020      0x6c0
                0x00000020                PROVIDE (__ram_exceptions_start, ABSOLUTE (.))
                0x00000020                . = ALIGN (0x20)
 *(.irq)
 *(.exceptions.entry.label)
 *(.exceptions.entry.user)
 *(.exceptions.entry.ecc_fatal)
 *(.exceptions.entry)
 *(.exceptions.irqtest.user)
 *(.exceptions.irqtest)
 *(.exceptions.irqhandler.user)
 *(.exceptions.irqhandler)
 *(.exceptions.irqreturn.user)
 *(.exceptions.irqreturn)
 *(.exceptions.notirq.label)
 *(.exceptions.notirq.user)
 *(.exceptions.notirq)
 *(.exceptions.soft.user)
 *(.exceptions.soft)
 *(.exceptions.unknown.user)
 *(.exceptions.unknown)
 *(.exceptions.exit.label)
 *(.exceptions.exit.user)
 *(.exceptions.exit)
 *(.exceptions)
 .exceptions    0x00000020      0x6c0 libkernel.a(prc_support.o)
                0x00000020                exception_entry
                0x000001e0                interrupt
                0x000004c0                dispatch
                0x00000560                start_dispatch
                0x000005a0                exit_and_dispatch
                0x000006e0                PROVIDE (__ram_exceptions_end, ABSOLUTE (.))
                0x00000020                PROVIDE (__flash_exceptions_start, LOADADDR (.exceptions))

.text           0x000006e0    0x240d0
                0x000006e0                PROVIDE (stext, ABSOLUTE (.))
 *(.interp)
 *(.hash)
 *(.dynsym)
 *(.dynstr)
 *(.gnu.version)
 *(.gnu.version_d)
 *(.gnu.version_r)
 *(.rel.init)
 *(.rela.init)
 *(.rel.text .rel.text.* .rel.gnu.linkonce.t.*)
 *(.rela.text .rela.text.* .rela.gnu.linkonce.t.*)
 *(.rel.fini)
 *(.rela.fini)
 *(.rel.rodata .rel.rodata.* .rel.gnu.linkonce.r.*)
 *(.rela.rodata .rela.rodata.* .rela.gnu.linkonce.r.*)
 *(.rel.data .rel.data.* .rel.gnu.linkonce.d.*)
 *(.rela.data .rela.data.* .rela.gnu.linkonce.d.*)
 *(.rel.tdata .rel.tdata.* .rel.gnu.linkonce.td.*)
 *(.rela.tdata .rela.tdata.* .rela.gnu.linkonce.td.*)
 *(.rel.tbss .rel.tbss.* .rel.gnu.linkonce.tb.*)
 *(.rela.tbss .rela.tbss.* .rela.gnu.linkonce.tb.*)
 *(.rel.ctors)
 *(.rela.ctors)
 *(.rel.dtors)
 *(.rela.dtors)
 *(.rel.got)
 *(.rela.got)
 *(.rel.sdata .rel.sdata.* .rel.gnu.linkonce.s.*)
 *(.rela.sdata .rela.sdata.* .rela.gnu.linkonce.s.*)
 *(.rel.sbss .rel.sbss.* .rel.gnu.linkonce.sb.*)
 *(.rela.sbss .rela.sbss.* .rela.gnu.linkonce.sb.*)
 *(.rel.sdata2 .rel.sdata2.* .rel.gnu.linkonce.s2.*)
 *(.rela.sdata2 .rela.sdata2.* .rela.gnu.linkonce.s2.*)
 *(.rel.sbss2 .rel.sbss2.* .rel.gnu.linkonce.sb2.*)
 *(.rela.sbss2 .rela.sbss2.* .rela.gnu.linkonce.sb2.*)
 *(.rel.bss .rel.bss.* .rel.gnu.linkonce.b.*)
 *(.rela.bss .rela.bss.* .rela.gnu.linkonce.b.*)
 *(.rel.plt)
 *(.rela.plt)
 *(.rel.dyn)
 *(.init)
 *(.plt)
 *(.text .stub .text.* .gnu.linkonce.t.*)
 .text          0x000006e0       0x60 start.o
                0x000006e0                start
 .text          0x00000740       0x30 c:/altera/13.1/nios2eds/bin/gnu/h-i686-mingw32/bin/../lib/gcc/nios2-elf/4.7.3/../../../../../H-i686-mingw32/nios2-elf/lib/crt0.o
                0x00000740                _start
 *fill*         0x00000770       0x10 3a880100
 .text          0x00000780      0x7a0 altera_avalon_sgdma.o
                0x00000800                alt_avalon_sgdma_do_async_transfer
                0x000008a0                alt_avalon_sgdma_do_sync_transfer
                0x00000940                alt_avalon_sgdma_register_callback
                0x00000960                alt_avalon_sgdma_start
                0x00000980                alt_avalon_sgdma_stop
                0x000009a0                alt_avalon_sgdma_check_descriptor_status
                0x000009e0                alt_avalon_sgdma_open
                0x00000a60                alt_avalon_sgdma_enable_desc_poll
                0x00000aa0                alt_avalon_sgdma_disable_desc_poll
                0x00000ac0                alt_avalon_sgdma_construct_descriptor_burst
                0x00000c40                alt_avalon_sgdma_construct_descriptor
                0x00000ca0                alt_avalon_sgdma_construct_mem_to_stream_desc_burst
                0x00000d00                alt_avalon_sgdma_construct_mem_to_stream_desc
                0x00000d40                alt_avalon_sgdma_construct_stream_to_mem_desc_burst
                0x00000da0                alt_avalon_sgdma_construct_stream_to_mem_desc
                0x00000de0                alt_avalon_sgdma_construct_mem_to_mem_desc_burst
                0x00000e40                alt_avalon_sgdma_construct_mem_to_mem_desc
                0x00000e80                alt_avalon_sgdma_init
 .text          0x00000f20        0x0 altera_avalon_tse_system_info.o
 .text          0x00000f20     0x3580 altera_avalon_tse.o
                0x00000f20                DP83848C_link_status_read
                0x00000f60                marvell_phy_cfg
                0x00000fe0                no_printf
                0x00001000                tse_mac_initTransInfo2
                0x00001020                tse_mac_sTxWrite
                0x000010c0                tse_mac_aRxRead
                0x00001140                tse_mac_SwReset
                0x00001180                tse_mac_setMIImode
                0x000011a0                tse_mac_setGMIImode
                0x000011c0                alt_tse_phy_add_profile
                0x00001300                alt_tse_system_add_sys
                0x00001660                alt_tse_sys_enable_mdio_sharing
                0x00001780                alt_tse_get_system_index
                0x000017c0                alt_tse_get_mac_group_index
                0x00001820                alt_tse_get_mac_info_index
                0x00001880                alt_tse_get_mac_info
                0x00001900                alt_tse_mac_set_speed
                0x00001980                alt_tse_mac_set_duplex
                0x000019e0                alt_tse_phy_rd_mdio_addr
                0x00001a00                alt_tse_phy_wr_mdio_addr
                0x00001a40                alt_tse_phy_wr_mdio_reg
                0x00001ae0                alt_tse_phy_rd_mdio_reg
                0x00001b60                alt_tse_phy_add_profile_default
                0x00001d80                alt_tse_phy_print_profile
                0x00001da0                alt_tse_mac_group_init
                0x00001fc0                alt_tse_mac_associate_phy
                0x00002260                alt_tse_phy_cfg_pcs
                0x000023c0                alt_tse_phy_restart_an
                0x00002620                alt_tse_phy_check_link
                0x00002820                alt_tse_phy_get_cap
                0x00002b80                alt_tse_phy_set_adv_1000
                0x00002cc0                alt_tse_phy_set_adv_100
                0x00002e60                alt_tse_phy_set_adv_10
                0x00002fa0                alt_tse_mac_get_phy
                0x000032a0                alt_tse_phy_init
                0x000033c0                getPHYSpeed
                0x00003960                alt_tse_phy_get_common_speed
                0x00003c80                alt_tse_mac_get_common_speed
                0x00003d00                alt_tse_phy_set_common_speed
                0x000041e0                alt_tse_mac_set_common_speed
                0x00004260                marvell_cfg_gmii
                0x00004320                marvell_cfg_sgmii
                0x000043e0                marvell_cfg_rgmii
 .text          0x000044a0      0x100 altera_vic.o
                0x000044a0                alt_ic_irq_enable
                0x00004500                alt_ic_irq_disable
                0x00004560                alt_ic_irq_enabled
 .text          0x000045a0       0xc0 altera_vic_irq_init.o
                0x000045a0                alt_vic_irq_init
 .text          0x00004660       0xa0 altera_vic_isr_register.o
                0x00004660                alt_ic_isr_register
 .text          0x00004700       0xc0 altera_vic_sw_intr.o
                0x00004700                alt_vic_sw_interrupt_set
                0x00004740                alt_vic_sw_interrupt_clear
                0x00004780                alt_vic_sw_interrupt_status
 .text          0x000047c0       0xa0 altera_vic_set_level.o
                0x000047c0                alt_vic_irq_set_level
 .text          0x00004860       0x20 alt_usleep.o
                0x00004860                usleep
 .text          0x00004880       0x60 alt_busy_sleep.o
                0x00004880                alt_busy_sleep
 .text          0x000048e0       0x20 alt_dcache_flush.o
                0x000048e0                alt_dcache_flush
 .text          0x00004900        0x0 alt_irq_register.o
 .text          0x00004900        0x0 alt_iic.o
 .text          0x00004900       0x40 alt_remap_uncached.o
                0x00004900                alt_remap_uncached
 .text          0x00004940       0x60 alt_uncached_malloc.o
                0x00004940                alt_uncached_malloc
 .text          0x000049a0       0x80 alt_do_ctors.o
                0x000049a0                _do_ctors
 .text          0x00004a20       0x80 alt_do_dtors.o
                0x00004a20                _do_dtors
 .text          0x00004aa0       0x20 alt_dev.o
 .text          0x00004ac0       0x80 alt_dev_llist_insert.o
                0x00004ac0                alt_dev_llist_insert
 .text          0x00004b40        0x0 alt_errno.o
 .text          0x00004b40       0xa0 alt_find_dev.o
                0x00004b40                alt_find_dev
 .text          0x00004be0      0x100 alt_io_redirect.o
                0x00004c60                alt_io_redirect
 .text          0x00004ce0       0x60 alt_main.o
                0x00004ce0                alt_main
 .text          0x00004d40       0x40 alt_malloc_lock.o
                0x00004d40                __malloc_lock
                0x00004d60                __malloc_unlock
 .text          0x00004d80       0x40 alt_release_fd.o
                0x00004d80                alt_release_fd
 .text          0x00004dc0       0x40 alt_sys_init.o
                0x00004dc0                alt_sys_init
 .text          0x00004e00        0x0 api_lib.o
 .text          0x00004e00        0x0 api_msg.o
 .text          0x00004e00        0x0 err.o
 .text          0x00004e00        0x0 netbuf.o
 .text          0x00004e00        0x0 netdb.o
 .text          0x00004e00        0x0 netifapi.o
 .text          0x00004e00        0x0 sockets.o
 .text          0x00004e00        0x0 tcpip.o
 .text          0x00004e00      0x660 mem.o
                0x00004e00                mem_init
                0x00004e60                mem_free
                0x00005040                mem_trim
                0x000051c0                mem_malloc
                0x000053e0                mem_calloc
 .text          0x00005460      0x260 memp.o
                0x00005460                memp_init
                0x00005540                memp_malloc
                0x00005640                memp_free
 .text          0x000056c0      0x500 netif.o
                0x000056c0                netif_init
                0x000056e0                netif_find
                0x00005740                netif_set_ipaddr
                0x00005840                netif_set_addr
                0x000058c0                netif_add
                0x000059a0                netif_set_gw
                0x000059c0                netif_set_netmask
                0x000059e0                netif_set_default
                0x00005a00                netif_set_up
                0x00005a40                netif_set_down
                0x00005a80                netif_remove
                0x00005b20                netif_set_link_up
                0x00005ba0                netif_set_link_down
 .text          0x00005bc0     0x1160 pbuf.o
                0x00005bc0                pbuf_free_ooseq
                0x00005c20                pbuf_header
                0x00005d60                pbuf_free
                0x00005ea0                pbuf_realloc
                0x00006020                pbuf_alloc
                0x00006380                pbuf_clen
                0x000063a0                pbuf_ref
                0x000063c0                pbuf_cat
                0x00006480                pbuf_chain
                0x000064c0                pbuf_dechain
                0x000065a0                pbuf_copy
                0x000067a0                pbuf_copy_partial
                0x000068e0                pbuf_take
                0x00006a40                pbuf_coalesce
                0x00006ae0                pbuf_get_at
                0x00006b40                pbuf_memcmp
                0x00006c00                pbuf_memfind
                0x00006ca0                pbuf_strstr
 .text          0x00006d20      0x440 raw.o
                0x00006d20                raw_input
                0x00006e20                raw_bind
                0x00006e60                raw_connect
                0x00006ea0                raw_recv
                0x00006ec0                raw_sendto
                0x00007060                raw_send
                0x00007080                raw_remove
                0x000070e0                raw_new
 .text          0x00007160       0x20 stats.o
                0x00007160                stats_init
 .text          0x00007180        0x0 sys.o
 .text          0x00007180     0x1be0 tcp.o
                0x00007240                tcp_init
                0x00007260                tcp_bind
                0x00007380                tcp_listen_with_backlog
                0x000074c0                tcp_update_rcv_ann_wnd
                0x00007580                tcp_recved
                0x00007660                tcp_seg_free
                0x000076c0                tcp_segs_free
                0x00007700                tcp_setprio
                0x00007720                tcp_seg_copy
                0x00007780                tcp_arg
                0x000077a0                tcp_recv
                0x00007800                tcp_sent
                0x00007860                tcp_err
                0x000078c0                tcp_accept
                0x000078e0                tcp_poll
                0x00007940                tcp_pcb_purge
                0x000079c0                tcp_slowtmr
                0x00007fa0                tcp_pcb_remove
                0x00008100                tcp_abandon
                0x00008280                tcp_abort
                0x000082a0                tcp_alloc
                0x00008460                tcp_new
                0x00008720                tcp_shutdown
                0x000087e0                tcp_close
                0x00008800                tcp_recv_null
                0x00008860                tcp_process_refused_data
                0x00008980                tcp_fasttmr
                0x00008a40                tcp_tmr
                0x00008a80                tcp_next_iss
                0x00008aa0                tcp_eff_send_mss
                0x00008b20                tcp_connect
                0x00008d40                tcp_debug_state_str
 .text          0x00008d60     0x1000 tcp_in.o
                0x00008d60                tcp_input
 .text.unlikely
                0x00009d60      0xfdc tcp_in.o
 *fill*         0x0000ad3c        0x4 3a880100
 .text          0x0000ad40     0x1ce0 tcp_out.o
                0x0000b100                tcp_write
                0x0000b940                tcp_enqueue_flags
                0x0000bc40                tcp_send_fin
                0x0000bca0                tcp_send_empty_ack
                0x0000bda0                tcp_output
                0x0000c3c0                tcp_rst
                0x0000c5a0                tcp_rexmit_rto
                0x0000c600                tcp_rexmit
                0x0000c6e0                tcp_rexmit_fast
                0x0000c7c0                tcp_keepalive
                0x0000c8c0                tcp_zero_window_probe
 .text          0x0000ca20      0xa00 udp.o
                0x0000ca20                udp_init
                0x0000ca40                udp_input
                0x0000ce00                udp_bind
                0x0000cf80                udp_sendto_if
                0x0000d1a0                udp_sendto
                0x0000d220                udp_send
                0x0000d240                udp_connect
                0x0000d320                udp_disconnect
                0x0000d340                udp_recv
                0x0000d360                udp_remove
                0x0000d3c0                udp_new
 .text          0x0000d420        0x0 dns.o
 .text          0x0000d420       0x40 init.o
                0x0000d420                lwip_init
 .text          0x0000d460     0x2580 dhcp.o
                0x0000ee80                dhcp_set_struct
                0x0000ef40                dhcp_cleanup
                0x0000efa0                dhcp_inform
                0x0000f0e0                dhcp_network_changed
                0x0000f180                dhcp_arp_reply
                0x0000f2e0                dhcp_renew
                0x0000f420                dhcp_coarse_tmr
                0x0000f4e0                dhcp_release
                0x0000f640                dhcp_fine_tmr
                0x0000f780                dhcp_stop
                0x0000f840                dhcp_start
 .text          0x0000f9e0        0x0 def.o
 .text          0x0000f9e0       0x20 timers.o
                0x0000f9e0                tcp_timer_needed
 .text          0x0000fa00        0x0 asn1_dec.o
 .text          0x0000fa00        0x0 asn1_enc.o
 .text          0x0000fa00        0x0 mib2.o
 .text          0x0000fa00        0x0 mib_structs.o
 .text          0x0000fa00        0x0 msg_in.o
 .text          0x0000fa00        0x0 msg_out.o
 .text          0x0000fa00        0x0 autoip.o
 .text          0x0000fa00      0x580 icmp.o
                0x0000fb40                icmp_input
                0x0000ff40                icmp_dest_unreach
                0x0000ff60                icmp_time_exceeded
 .text          0x0000ff80        0x0 igmp.o
 .text          0x0000ff80        0x0 inet.o
 .text          0x0000ff80      0x4e0 inet_chksum.o
                0x00010040                inet_chksum_pseudo
                0x000101a0                inet_chksum_pseudo_partial
                0x00010360                inet_chksum
                0x00010380                inet_chksum_pbuf
 .text          0x00010460      0x720 ip.o
                0x00010460                ip_route
                0x000104e0                ip_input
                0x00010820                ip_output_if
                0x00010aa0                ip_output
 .text          0x00010b80      0x500 ip_addr.o
                0x00010b80                ip4_addr_isbroadcast
                0x00010be0                ip4_addr_netmask_valid
                0x00010c60                ipaddr_aton
                0x00010f20                ipaddr_addr
                0x00010f60                ipaddr_ntoa_r
                0x00011060                ipaddr_ntoa
 .text          0x00011080      0xc40 ip_frag.o
                0x000113c0                ip_reass_tmr
                0x00011440                ip_reass
                0x00011a40                ip_frag
 .text          0x00011cc0        0x0 slipif.o
 .text          0x00011cc0     0x1540 etharp.o
                0x000122a0                etharp_tmr
                0x00012380                etharp_cleanup_netif
                0x00012400                etharp_find_addr
                0x000124c0                etharp_request
                0x00012740                etharp_query
                0x00012ac0                etharp_output
                0x00012d80                ethernet_input
 .text          0x00013200        0x0 ethernetif.o
 .text          0x00013200        0x0 auth.o
 .text          0x00013200        0x0 fsm.o
 .text          0x00013200        0x0 ipcp.o
 .text          0x00013200        0x0 lcp.o
 .text          0x00013200        0x0 magic.o
 .text          0x00013200        0x0 ppp.o
 .text          0x00013200        0x0 vj.o
 .text          0x00013200        0x0 chap.o
 .text          0x00013200        0x0 chpms.o
 .text          0x00013200        0x0 md5.o
 .text          0x00013200        0x0 pap.o
 .text          0x00013200        0x0 ppp_oe.o
 .text          0x00013200        0x0 randm.o
 .text          0x00013200      0x340 alteraTseEthernetif.o
                0x00013200                ethernetif_input
                0x000133e0                ethernetif_init
 .text          0x00013540       0xa0 fs.o
                0x00013540                fs_open
 .text          0x000135e0        0x0 fsdata.o
 .text          0x000135e0      0x540 httpd.o
                0x00013ac0                httpd_init
 .text          0x00013b20      0x700 lwip_tse_mac.o
                0x00013b20                tse_sgdma_read_init
                0x00013ba0                tse_mac_init
                0x00013fa0                tse_mac_raw_send
                0x000140a0                tse_mac_rcv
                0x000141c0                tse_sgdmaRx_isr
 .text          0x00014220        0x0 tse_my_system.o
 .text          0x00014220      0xd80 lwip_test.o
                0x00014220                TaskMainUSRV_TASK
                0x000143c0                AlarmMainLWIP_ALARM_CALLBACK
                0x00014480                ErrorHook
                0x00014da0                PreTaskHook
                0x00014dc0                PostTaskHook
                0x00014de0                StartupHook
                0x00014e20                ShutdownHook
                0x00014f00                ProtectionHook
 .text.startup  0x00014fa0       0x20 lwip_test.o
                0x00014fa0                main
 .text          0x00014fc0       0x80 jtag_uart.o
                0x00014fc0                InitHwSerial
                0x00014fe0                TermHwSerial
                0x00015000                ISRMainRxHwSerialInt
 .text          0x00015040       0x60 banner.o
                0x00015040                print_banner
 .text          0x000150a0       0xc0 syslog.o
                0x000150a0                syslog_initialize
                0x000150c0                syslog_wri_log
                0x00015140                syslog_msk_log
 .text          0x00015160       0xe0 serial.o
                0x00015160                InitSerial
                0x00015180                TermSerial
                0x000151a0                RecvPolSerialChar
                0x00015200                RxSerialInt
 .text          0x00015240      0x420 log_output.o
                0x00015380                syslog_printf
                0x00015620                syslog_print
 .text          0x00015660      0x1a0 vasyslog.o
                0x00015660                syslog
 .text          0x00015800       0xa0 t_perror.o
                0x00015800                t_perror
 .text          0x000158a0       0x40 strerror.o
                0x000158a0                atk2_strerror
 .text          0x000158e0      0x180 Os_Lcfg.o
                0x000158e0                _kernel_inthdr_0
                0x00015900                object_initialize
                0x00015920                object_terminate
                0x00015940                ISRMainC2ISR_for_MAIN_HW_COUNTER
                0x00015960                _kernel_inthdr_16
                0x00015980                int_handler_entry_0
                0x000159a0                int_handler_entry_16
                0x000159c0                kernel_vectors
 .text          0x00015a60       0xa0 libkernel.a(prc_support.o)
                0x00015a60                start_r
                0x00015aa0                stack_change_and_call_func_2
                0x00015aa0                stack_change_and_call_func_1
 .text          0x00015b00      0x140 libkernel.a(target_config.o)
                0x00015b00                target_fput_str
                0x00015b60                target_hardware_initialize
                0x00015bc0                target_initialize
                0x00015be0                target_exit
                0x00015c00                target_fput_log
 .text          0x00015c40      0x6a0 libkernel.a(target_hw_counter.o)
                0x00015ce0                init_hwcounter_MAIN_HW_COUNTER
                0x00015d40                start_hwcounter_MAIN_HW_COUNTER
                0x00015d60                stop_hwcounter_MAIN_HW_COUNTER
                0x00015da0                set_hwcounter_MAIN_HW_COUNTER
                0x00015dc0                get_hwcounter_MAIN_HW_COUNTER
                0x00015e00                cancel_hwcounter_MAIN_HW_COUNTER
                0x00015e20                trigger_hwcounter_MAIN_HW_COUNTER
                0x00015e80                int_clear_hwcounter_MAIN_HW_COUNTER
                0x00015ea0                int_cancel_hwcounter_MAIN_HW_COUNTER
                0x00015ec0                increment_hwcounter_MAIN_HW_COUNTER
                0x00015ee0                init_hwcounter_SUB_HW_COUNTER1
                0x00015f40                start_hwcounter_SUB_HW_COUNTER1
                0x00015f60                stop_hwcounter_SUB_HW_COUNTER1
                0x00015fa0                set_hwcounter_SUB_HW_COUNTER1
                0x00015fc0                get_hwcounter_SUB_HW_COUNTER1
                0x00016000                cancel_hwcounter_SUB_HW_COUNTER1
                0x00016020                trigger_hwcounter_SUB_HW_COUNTER1
                0x00016080                int_clear_hwcounter_SUB_HW_COUNTER1
                0x000160a0                int_cancel_hwcounter_SUB_HW_COUNTER1
                0x000160c0                increment_hwcounter_SUB_HW_COUNTER1
                0x000160e0                init_hwcounter_SUB_HW_COUNTER2
                0x00016140                start_hwcounter_SUB_HW_COUNTER2
                0x00016160                stop_hwcounter_SUB_HW_COUNTER2
                0x000161a0                set_hwcounter_SUB_HW_COUNTER2
                0x000161c0                get_hwcounter_SUB_HW_COUNTER2
                0x00016200                cancel_hwcounter_SUB_HW_COUNTER2
                0x00016220                trigger_hwcounter_SUB_HW_COUNTER2
                0x00016280                int_clear_hwcounter_SUB_HW_COUNTER2
                0x000162a0                int_cancel_hwcounter_SUB_HW_COUNTER2
                0x000162c0                increment_hwcounter_SUB_HW_COUNTER2
 .text          0x000162e0      0x160 libkernel.a(prc_config.o)
                0x000162e0                prc_hardware_initialize
                0x00016300                prc_initialize
                0x00016320                prc_terminate
                0x00016340                x_config_int
                0x000163e0                default_int_handler
 .text          0x00016440       0x20 libkernel.a(vic.o)
                0x00016440                vic_initialize
 .text          0x00016460      0x220 libkernel.a(avalon_timer.o)
                0x00016460                get_tim_utime
                0x00016500                get_tim_100ntime
                0x000165a0                target_timer_initialize
                0x00016600                target_timer_terminate
                0x00016620                ISRMaintarget_timer_hdr
 .text          0x00016680      0x9e0 libkernel.a(counter_manage.o)
                0x00016680                GetCounterValue
                0x00016960                GetElapsedValue
                0x00016c80                notify_hardware_counter
                0x00016dc0                incr_counter_action
                0x00016e80                IncrementCounter
 .text          0x00017060      0x860 libkernel.a(counter.o)
                0x00017060                insert_cnt_expr_que
                0x000171e0                delete_cnt_expr_que
                0x00017320                counter_initialize
                0x00017420                counter_terminate
                0x00017480                get_reltick
                0x00017520                get_abstick
                0x000175c0                expire_process
 .text          0x000178c0      0xd20 libkernel.a(alarm.o)
                0x000178c0                alarm_expire
                0x00017980                alarm_initialize
                0x00017aa0                GetAlarmBase
                0x00017c80                GetAlarm
                0x00017f20                SetRelAlarm
                0x00018180                SetAbsAlarm
                0x000183e0                CancelAlarm
 .text          0x000185e0      0x480 libkernel.a(osctl_manage.o)
                0x00018640                StartOS
                0x00018880                GetActiveApplicationMode
                0x000189a0                ShutdownOS
                0x000189e0                GetFaultyContext
 .text          0x00018a60      0x440 libkernel.a(osctl.o)
                0x00018a60                internal_call_shtdwnhk
                0x00018b00                internal_call_errorhook
                0x00018be0                call_posttaskhook
                0x00018c40                call_pretaskhook
                0x00018ca0                init_stack_magic_region
                0x00018d00                internal_shutdownos
                0x00018da0                call_protectionhk_main
 .text          0x00018ea0      0xc60 libkernel.a(task_manage.o)
                0x00018ea0                ActivateTask
                0x000190e0                TerminateTask
                0x000192a0                ChainTask
                0x00019500                Schedule
                0x00019700                GetTaskID
                0x000198a0                GetTaskState
                0x00019a60                activate_task_action
 .text          0x00019b00      0x920 libkernel.a(interrupt_manage.o)
                0x00019b00                DisableAllInterrupts
                0x00019b40                EnableAllInterrupts
                0x00019b80                SuspendAllInterrupts
                0x00019d20                ResumeAllInterrupts
                0x00019ec0                SuspendOSInterrupts
                0x0001a0a0                ResumeOSInterrupts
                0x0001a2c0                GetISRID
 .text          0x0001a420      0x460 libkernel.a(interrupt.o)
                0x0001a420                interrupt_initialize
                0x0001a4e0                release_interrupts
                0x0001a6c0                exit_isr2
 .text          0x0001a880      0x5c0 libkernel.a(task.o)
                0x0001a880                search_schedtsk
                0x0001a9c0                make_runnable
                0x0001aa80                make_non_runnable
                0x0001aaa0                make_active
                0x0001ab20                task_initialize
                0x0001ac20                preempt
                0x0001acc0                suspend
                0x0001ad20                exit_task
 .text          0x0001ae40       0x14 c:/altera/13.1/nios2eds/bin/gnu/h-i686-mingw32/bin/../lib/gcc/nios2-elf/4.7.3/../../../../../H-i686-mingw32/nios2-elf/lib\libc.a(lib_a-atexit.o)
                0x0001ae40                atexit
 .text          0x0001ae54       0x38 c:/altera/13.1/nios2eds/bin/gnu/h-i686-mingw32/bin/../lib/gcc/nios2-elf/4.7.3/../../../../../H-i686-mingw32/nios2-elf/lib\libc.a(lib_a-exit.o)
                0x0001ae54                exit
 .text          0x0001ae8c        0x0 c:/altera/13.1/nios2eds/bin/gnu/h-i686-mingw32/bin/../lib/gcc/nios2-elf/4.7.3/../../../../../H-i686-mingw32/nios2-elf/lib\libc.a(lib_a-impure.o)
 .text          0x0001ae8c        0x0 c:/altera/13.1/nios2eds/bin/gnu/h-i686-mingw32/bin/../lib/gcc/nios2-elf/4.7.3/../../../../../H-i686-mingw32/nios2-elf/lib\libc.a(lib_a-int_errno.o)
 .text          0x0001ae8c       0x28 c:/altera/13.1/nios2eds/bin/gnu/h-i686-mingw32/bin/../lib/gcc/nios2-elf/4.7.3/../../../../../H-i686-mingw32/nios2-elf/lib\libc.a(lib_a-malloc.o)
                0x0001ae8c                malloc
                0x0001aea0                free
 .text          0x0001aeb4      0x784 c:/altera/13.1/nios2eds/bin/gnu/h-i686-mingw32/bin/../lib/gcc/nios2-elf/4.7.3/../../../../../H-i686-mingw32/nios2-elf/lib\libc.a(lib_a-mallocr.o)
                0x0001aeb4                _malloc_r
 .text          0x0001b638       0x7c c:/altera/13.1/nios2eds/bin/gnu/h-i686-mingw32/bin/../lib/gcc/nios2-elf/4.7.3/../../../../../H-i686-mingw32/nios2-elf/lib\libc.a(lib_a-memcmp.o)
                0x0001b638                memcmp
 .text          0x0001b6b4       0xf8 c:/altera/13.1/nios2eds/bin/gnu/h-i686-mingw32/bin/../lib/gcc/nios2-elf/4.7.3/../../../../../H-i686-mingw32/nios2-elf/lib\libc.a(lib_a-memcpy.o)
                0x0001b6b4                memcpy
 .text          0x0001b7ac       0xdc c:/altera/13.1/nios2eds/bin/gnu/h-i686-mingw32/bin/../lib/gcc/nios2-elf/4.7.3/../../../../../H-i686-mingw32/nios2-elf/lib\libc.a(lib_a-memset.o)
                0x0001b7ac                memset
 .text          0x0001b888       0x68 c:/altera/13.1/nios2eds/bin/gnu/h-i686-mingw32/bin/../lib/gcc/nios2-elf/4.7.3/../../../../../H-i686-mingw32/nios2-elf/lib\libc.a(lib_a-printf.o)
                0x0001b888                _printf_r
                0x0001b8b4                printf
 .text          0x0001b8f0       0x98 c:/altera/13.1/nios2eds/bin/gnu/h-i686-mingw32/bin/../lib/gcc/nios2-elf/4.7.3/../../../../../H-i686-mingw32/nios2-elf/lib\libc.a(lib_a-puts.o)
                0x0001b8f0                _puts_r
                0x0001b974                puts
 .text          0x0001b988       0x64 c:/altera/13.1/nios2eds/bin/gnu/h-i686-mingw32/bin/../lib/gcc/nios2-elf/4.7.3/../../../../../H-i686-mingw32/nios2-elf/lib\libc.a(lib_a-sbrkr.o)
                0x0001b988                _sbrk_r
 .text          0x0001b9ec       0xa4 c:/altera/13.1/nios2eds/bin/gnu/h-i686-mingw32/bin/../lib/gcc/nios2-elf/4.7.3/../../../../../H-i686-mingw32/nios2-elf/lib\libc.a(lib_a-strcmp.o)
                0x0001b9ec                strcmp
 .text          0x0001ba90       0x94 c:/altera/13.1/nios2eds/bin/gnu/h-i686-mingw32/bin/../lib/gcc/nios2-elf/4.7.3/../../../../../H-i686-mingw32/nios2-elf/lib\libc.a(lib_a-strcpy.o)
                0x0001ba90                strcpy
 .text          0x0001bb24       0x8c c:/altera/13.1/nios2eds/bin/gnu/h-i686-mingw32/bin/../lib/gcc/nios2-elf/4.7.3/../../../../../H-i686-mingw32/nios2-elf/lib\libc.a(lib_a-strlen.o)
                0x0001bb24                strlen
 .text          0x0001bbb0       0xfc c:/altera/13.1/nios2eds/bin/gnu/h-i686-mingw32/bin/../lib/gcc/nios2-elf/4.7.3/../../../../../H-i686-mingw32/nios2-elf/lib\libc.a(lib_a-strncmp.o)
                0x0001bbb0                strncmp
 .text          0x0001bcac     0x1e50 c:/altera/13.1/nios2eds/bin/gnu/h-i686-mingw32/bin/../lib/gcc/nios2-elf/4.7.3/../../../../../H-i686-mingw32/nios2-elf/lib\libc.a(lib_a-vfprintf.o)
                0x0001bce0                ___vfprintf_internal_r
                0x0001dad8                __vfprintf_internal
 .text          0x0001dafc      0x174 c:/altera/13.1/nios2eds/bin/gnu/h-i686-mingw32/bin/../lib/gcc/nios2-elf/4.7.3/../../../../../H-i686-mingw32/nios2-elf/lib\libc.a(lib_a-wsetup.o)
                0x0001dafc                __swsetup_r
 .text          0x0001dc70      0x130 c:/altera/13.1/nios2eds/bin/gnu/h-i686-mingw32/bin/../lib/gcc/nios2-elf/4.7.3/../../../../../H-i686-mingw32/nios2-elf/lib\libc.a(lib_a-__atexit.o)
                0x0001dc70                __register_exitproc
 .text          0x0001dda0      0x1a0 c:/altera/13.1/nios2eds/bin/gnu/h-i686-mingw32/bin/../lib/gcc/nios2-elf/4.7.3/../../../../../H-i686-mingw32/nios2-elf/lib\libc.a(lib_a-__call_atexit.o)
                0x0001dda0                __call_exitprocs
 .text          0x0001df40     0x1824 c:/altera/13.1/nios2eds/bin/gnu/h-i686-mingw32/bin/../lib/gcc/nios2-elf/4.7.3/../../../../../H-i686-mingw32/nios2-elf/lib\libc.a(lib_a-dtoa.o)
                0x0001e148                _dtoa_r
 .text          0x0001f764      0x218 c:/altera/13.1/nios2eds/bin/gnu/h-i686-mingw32/bin/../lib/gcc/nios2-elf/4.7.3/../../../../../H-i686-mingw32/nios2-elf/lib\libc.a(lib_a-fflush.o)
                0x0001f764                _fflush_r
                0x0001f94c                fflush
 .text          0x0001f97c      0x2d8 c:/altera/13.1/nios2eds/bin/gnu/h-i686-mingw32/bin/../lib/gcc/nios2-elf/4.7.3/../../../../../H-i686-mingw32/nios2-elf/lib\libc.a(lib_a-findfp.o)
                0x0001f98c                _cleanup_r
                0x0001f998                __sfmoreglue
                0x0001f9fc                _cleanup
                0x0001fa0c                __sinit
                0x0001fb18                __sfp
                0x0001fc14                __sfp_lock_acquire
                0x0001fc18                __sfp_lock_release
                0x0001fc1c                __sinit_lock_acquire
                0x0001fc20                __sinit_lock_release
                0x0001fc24                __fp_lock_all
                0x0001fc3c                __fp_unlock_all
 .text          0x0001fc54      0x40c c:/altera/13.1/nios2eds/bin/gnu/h-i686-mingw32/bin/../lib/gcc/nios2-elf/4.7.3/../../../../../H-i686-mingw32/nios2-elf/lib\libc.a(lib_a-freer.o)
                0x0001fc54                _malloc_trim_r
                0x0001fd90                _free_r
 .text          0x00020060      0x4e4 c:/altera/13.1/nios2eds/bin/gnu/h-i686-mingw32/bin/../lib/gcc/nios2-elf/4.7.3/../../../../../H-i686-mingw32/nios2-elf/lib\libc.a(lib_a-fvwrite.o)
                0x00020060                __sfvwrite_r
 .text          0x00020544      0x160 c:/altera/13.1/nios2eds/bin/gnu/h-i686-mingw32/bin/../lib/gcc/nios2-elf/4.7.3/../../../../../H-i686-mingw32/nios2-elf/lib\libc.a(lib_a-fwalk.o)
                0x00020544                _fwalk
                0x000205ec                _fwalk_reent
 .text          0x000206a4       0xdc c:/altera/13.1/nios2eds/bin/gnu/h-i686-mingw32/bin/../lib/gcc/nios2-elf/4.7.3/../../../../../H-i686-mingw32/nios2-elf/lib\libc.a(lib_a-locale.o)
                0x000206a4                _setlocale_r
                0x00020740                __locale_charset
                0x0002074c                _localeconv_r
                0x00020758                setlocale
                0x00020774                localeconv
 .text          0x00020780      0x1a8 c:/altera/13.1/nios2eds/bin/gnu/h-i686-mingw32/bin/../lib/gcc/nios2-elf/4.7.3/../../../../../H-i686-mingw32/nios2-elf/lib\libc.a(lib_a-makebuf.o)
                0x00020780                __smakebuf_r
 .text          0x00020928       0xf8 c:/altera/13.1/nios2eds/bin/gnu/h-i686-mingw32/bin/../lib/gcc/nios2-elf/4.7.3/../../../../../H-i686-mingw32/nios2-elf/lib\libc.a(lib_a-memchr.o)
                0x00020928                memchr
 .text          0x00020a20      0x128 c:/altera/13.1/nios2eds/bin/gnu/h-i686-mingw32/bin/../lib/gcc/nios2-elf/4.7.3/../../../../../H-i686-mingw32/nios2-elf/lib\libc.a(lib_a-memmove.o)
                0x00020a20                memmove
 .text          0x00020b48      0xfa8 c:/altera/13.1/nios2eds/bin/gnu/h-i686-mingw32/bin/../lib/gcc/nios2-elf/4.7.3/../../../../../H-i686-mingw32/nios2-elf/lib\libc.a(lib_a-mprec.o)
                0x00020b48                _Balloc
                0x00020bf0                _Bfree
                0x00020c18                __multadd
                0x00020d2c                __s2b
                0x00020e30                __hi0bits
                0x00020e98                __lo0bits
                0x00020f48                __i2b
                0x00020f84                __multiply
                0x00021164                __pow5mult
                0x00021290                __lshift
                0x000213ec                __mcmp
                0x00021444                __mdiff
                0x000215ec                __ulp
                0x0002164c                __b2d
                0x00021794                __d2b
                0x000218d8                __ratio
                0x0002197c                _mprec_log10
                0x000219f0                __copybits
                0x00021a6c                __any_on
 .text          0x00021af0      0x5fc c:/altera/13.1/nios2eds/bin/gnu/h-i686-mingw32/bin/../lib/gcc/nios2-elf/4.7.3/../../../../../H-i686-mingw32/nios2-elf/lib\libc.a(lib_a-reallocr.o)
                0x00021af0                _realloc_r
 .text          0x000220ec       0x38 c:/altera/13.1/nios2eds/bin/gnu/h-i686-mingw32/bin/../lib/gcc/nios2-elf/4.7.3/../../../../../H-i686-mingw32/nios2-elf/lib\libc.a(lib_a-s_isinfd.o)
                0x000220ec                __isinfd
 .text          0x00022124       0x2c c:/altera/13.1/nios2eds/bin/gnu/h-i686-mingw32/bin/../lib/gcc/nios2-elf/4.7.3/../../../../../H-i686-mingw32/nios2-elf/lib\libc.a(lib_a-s_isnand.o)
                0x00022124                __isnand
 .text          0x00022150      0x140 c:/altera/13.1/nios2eds/bin/gnu/h-i686-mingw32/bin/../lib/gcc/nios2-elf/4.7.3/../../../../../H-i686-mingw32/nios2-elf/lib\libc.a(lib_a-stdio.o)
                0x00022150                __sread
                0x000221a4                __swrite
                0x0002222c                __sseek
                0x00022288                __sclose
 .text          0x00022290       0x6c c:/altera/13.1/nios2eds/bin/gnu/h-i686-mingw32/bin/../lib/gcc/nios2-elf/4.7.3/../../../../../H-i686-mingw32/nios2-elf/lib\libc.a(lib_a-writer.o)
                0x00022290                _write_r
 .text          0x000222fc       0xbc c:/altera/13.1/nios2eds/bin/gnu/h-i686-mingw32/bin/../lib/gcc/nios2-elf/4.7.3/../../../../../H-i686-mingw32/nios2-elf/lib\libc.a(lib_a-callocr.o)
                0x000222fc                _calloc_r
 .text          0x000223b8       0x64 c:/altera/13.1/nios2eds/bin/gnu/h-i686-mingw32/bin/../lib/gcc/nios2-elf/4.7.3/../../../../../H-i686-mingw32/nios2-elf/lib\libc.a(lib_a-closer.o)
                0x000223b8                _close_r
 .text          0x0002241c      0x150 c:/altera/13.1/nios2eds/bin/gnu/h-i686-mingw32/bin/../lib/gcc/nios2-elf/4.7.3/../../../../../H-i686-mingw32/nios2-elf/lib\libc.a(lib_a-fclose.o)
                0x0002241c                _fclose_r
                0x00022558                fclose
 .text          0x0002256c       0x68 c:/altera/13.1/nios2eds/bin/gnu/h-i686-mingw32/bin/../lib/gcc/nios2-elf/4.7.3/../../../../../H-i686-mingw32/nios2-elf/lib\libc.a(lib_a-fstatr.o)
                0x0002256c                _fstat_r
 .text          0x000225d4       0x64 c:/altera/13.1/nios2eds/bin/gnu/h-i686-mingw32/bin/../lib/gcc/nios2-elf/4.7.3/../../../../../H-i686-mingw32/nios2-elf/lib\libc.a(lib_a-isattyr.o)
                0x000225d4                _isatty_r
 .text          0x00022638       0x6c c:/altera/13.1/nios2eds/bin/gnu/h-i686-mingw32/bin/../lib/gcc/nios2-elf/4.7.3/../../../../../H-i686-mingw32/nios2-elf/lib\libc.a(lib_a-lseekr.o)
                0x00022638                _lseek_r
 .text          0x000226a4       0x6c c:/altera/13.1/nios2eds/bin/gnu/h-i686-mingw32/bin/../lib/gcc/nios2-elf/4.7.3/../../../../../H-i686-mingw32/nios2-elf/lib\libc.a(lib_a-readr.o)
                0x000226a4                _read_r
 .text          0x00022710      0x5c8 c:/altera/13.1/nios2eds/bin/gnu/h-i686-mingw32/bin/../lib/gcc/nios2-elf/4.7.3\libgcc.a(_udivdi3.o)
                0x00022710                __udivdi3
 .text          0x00022cd8      0x58c c:/altera/13.1/nios2eds/bin/gnu/h-i686-mingw32/bin/../lib/gcc/nios2-elf/4.7.3\libgcc.a(_umoddi3.o)
                0x00022cd8                __umoddi3
 .text          0x00023264      0x408 c:/altera/13.1/nios2eds/bin/gnu/h-i686-mingw32/bin/../lib/gcc/nios2-elf/4.7.3\libgcc.a(_addsub_df.o)
                0x000235b8                __adddf3
                0x0002360c                __subdf3
 .text          0x0002366c      0x2e4 c:/altera/13.1/nios2eds/bin/gnu/h-i686-mingw32/bin/../lib/gcc/nios2-elf/4.7.3\libgcc.a(_mul_df.o)
                0x0002366c                __muldf3
 .text          0x00023950      0x1b4 c:/altera/13.1/nios2eds/bin/gnu/h-i686-mingw32/bin/../lib/gcc/nios2-elf/4.7.3\libgcc.a(_div_df.o)
                0x00023950                __divdf3
 .text          0x00023b04       0x5c c:/altera/13.1/nios2eds/bin/gnu/h-i686-mingw32/bin/../lib/gcc/nios2-elf/4.7.3\libgcc.a(_eq_df.o)
                0x00023b04                __eqdf2
 .text          0x00023b60       0x5c c:/altera/13.1/nios2eds/bin/gnu/h-i686-mingw32/bin/../lib/gcc/nios2-elf/4.7.3\libgcc.a(_ne_df.o)
                0x00023b60                __nedf2
 .text          0x00023bbc       0x64 c:/altera/13.1/nios2eds/bin/gnu/h-i686-mingw32/bin/../lib/gcc/nios2-elf/4.7.3\libgcc.a(_gt_df.o)
                0x00023bbc                __gtdf2
 .text          0x00023c20       0x64 c:/altera/13.1/nios2eds/bin/gnu/h-i686-mingw32/bin/../lib/gcc/nios2-elf/4.7.3\libgcc.a(_ge_df.o)
                0x00023c20                __gedf2
 .text          0x00023c84       0x5c c:/altera/13.1/nios2eds/bin/gnu/h-i686-mingw32/bin/../lib/gcc/nios2-elf/4.7.3\libgcc.a(_lt_df.o)
                0x00023c84                __ltdf2
 .text          0x00023ce0       0xd4 c:/altera/13.1/nios2eds/bin/gnu/h-i686-mingw32/bin/../lib/gcc/nios2-elf/4.7.3\libgcc.a(_si_to_df.o)
                0x00023ce0                __floatsidf
 .text          0x00023db4       0xd4 c:/altera/13.1/nios2eds/bin/gnu/h-i686-mingw32/bin/../lib/gcc/nios2-elf/4.7.3\libgcc.a(_df_to_si.o)
                0x00023db4                __fixdfsi
 .text          0x00023e88        0x0 c:/altera/13.1/nios2eds/bin/gnu/h-i686-mingw32/bin/../lib/gcc/nios2-elf/4.7.3\libgcc.a(_thenan_df.o)
 .text          0x00023e88      0x11c c:/altera/13.1/nios2eds/bin/gnu/h-i686-mingw32/bin/../lib/gcc/nios2-elf/4.7.3\libgcc.a(_usi_to_df.o)
                0x00023e88                __floatunsidf
 .text          0x00023fa4      0x130 c:/altera/13.1/nios2eds/bin/gnu/h-i686-mingw32/bin/../lib/gcc/nios2-elf/4.7.3\libgcc.a(lib2-divmod.o)
                0x00024018                __divsi3
                0x00024068                __modsi3
                0x000240c4                __udivsi3
                0x000240cc                __umodsi3
 .text          0x000240d4       0x60 c:/altera/13.1/nios2eds/bin/gnu/h-i686-mingw32/bin/../lib/gcc/nios2-elf/4.7.3\libgcc.a(_muldi3.o)
                0x000240d4                __muldi3
 .text          0x00024134        0x0 c:/altera/13.1/nios2eds/bin/gnu/h-i686-mingw32/bin/../lib/gcc/nios2-elf/4.7.3\libgcc.a(_clz.o)
 .text          0x00024134       0xac c:/altera/13.1/nios2eds/bin/gnu/h-i686-mingw32/bin/../lib/gcc/nios2-elf/4.7.3\libgcc.a(_clzsi2.o)
                0x00024134                __clzsi2
 .text          0x000241e0      0x224 c:/altera/13.1/nios2eds/bin/gnu/h-i686-mingw32/bin/../lib/gcc/nios2-elf/4.7.3\libgcc.a(_pack_df.o)
                0x000241e0                __pack_d
 .text          0x00024404      0x104 c:/altera/13.1/nios2eds/bin/gnu/h-i686-mingw32/bin/../lib/gcc/nios2-elf/4.7.3\libgcc.a(_unpack_df.o)
                0x00024404                __unpack_d
 .text          0x00024508       0xd0 c:/altera/13.1/nios2eds/bin/gnu/h-i686-mingw32/bin/../lib/gcc/nios2-elf/4.7.3\libgcc.a(_fpcmp_parts_df.o)
                0x00024508                __fpcmp_parts_d
 .text          0x000245d8       0x44 c:/altera/13.1/nios2eds/bin/gnu/h-i686-mingw32/bin/../lib/gcc/nios2-elf/4.7.3\libgcc.a(_lshrdi3.o)
                0x000245d8                __lshrdi3
 .text          0x0002461c       0x44 c:/altera/13.1/nios2eds/bin/gnu/h-i686-mingw32/bin/../lib/gcc/nios2-elf/4.7.3\libgcc.a(_ashldi3.o)
                0x0002461c                __ashldi3
 .text          0x00024660       0x30 c:/altera/13.1/nios2eds/bin/gnu/h-i686-mingw32/bin/../lib/gcc/nios2-elf/4.7.3/../../../../../H-i686-mingw32/nios2-elf/lib\libnosys.a(nosys_sbrk.o)
                0x00024660                sbrk
 .text          0x00024690       0x18 c:/altera/13.1/nios2eds/bin/gnu/h-i686-mingw32/bin/../lib/gcc/nios2-elf/4.7.3/../../../../../H-i686-mingw32/nios2-elf/lib\libnosys.a(nosys_close.o)
                0x00024690                close
 .text          0x000246a8       0x44 c:/altera/13.1/nios2eds/bin/gnu/h-i686-mingw32/bin/../lib/gcc/nios2-elf/4.7.3/../../../../../H-i686-mingw32/nios2-elf/lib\libnosys.a(nosys_crt0.o)
                0x000246a8                _init
                0x000246a8                __fake_init
                0x000246ac                __start_2
 .text          0x000246ec       0x30 c:/altera/13.1/nios2eds/bin/gnu/h-i686-mingw32/bin/../lib/gcc/nios2-elf/4.7.3/../../../../../H-i686-mingw32/nios2-elf/lib\libnosys.a(nosys_exit.o)
                0x000246ec                _fini
                0x000246ec                __fake_fini
                0x000246f0                _exit
 .text          0x0002471c       0x18 c:/altera/13.1/nios2eds/bin/gnu/h-i686-mingw32/bin/../lib/gcc/nios2-elf/4.7.3/../../../../../H-i686-mingw32/nios2-elf/lib\libnosys.a(nosys_fstat.o)
                0x0002471c                fstat
 .text          0x00024734       0x18 c:/altera/13.1/nios2eds/bin/gnu/h-i686-mingw32/bin/../lib/gcc/nios2-elf/4.7.3/../../../../../H-i686-mingw32/nios2-elf/lib\libnosys.a(nosys_isatty.o)
                0x00024734                isatty
 .text          0x0002474c       0x18 c:/altera/13.1/nios2eds/bin/gnu/h-i686-mingw32/bin/../lib/gcc/nios2-elf/4.7.3/../../../../../H-i686-mingw32/nios2-elf/lib\libnosys.a(nosys_lseek.o)
                0x0002474c                lseek
 .text          0x00024764       0x18 c:/altera/13.1/nios2eds/bin/gnu/h-i686-mingw32/bin/../lib/gcc/nios2-elf/4.7.3/../../../../../H-i686-mingw32/nios2-elf/lib\libnosys.a(nosys_open.o)
                0x00024764                open
 .text          0x0002477c       0x18 c:/altera/13.1/nios2eds/bin/gnu/h-i686-mingw32/bin/../lib/gcc/nios2-elf/4.7.3/../../../../../H-i686-mingw32/nios2-elf/lib\libnosys.a(nosys_read.o)
                0x0002477c                read
 .text          0x00024794       0x18 c:/altera/13.1/nios2eds/bin/gnu/h-i686-mingw32/bin/../lib/gcc/nios2-elf/4.7.3/../../../../../H-i686-mingw32/nios2-elf/lib\libnosys.a(nosys_write.o)
                0x00024794                write
 .text          0x000247ac        0x4 c:/altera/13.1/nios2eds/bin/gnu/h-i686-mingw32/bin/../lib/gcc/nios2-elf/4.7.3/../../../../../H-i686-mingw32/nios2-elf/lib\libnosys.a(_zero_bss.o)
                0x000247ac                _zero_bss
 .text          0x000247b0        0x0 c:/altera/13.1/nios2eds/bin/gnu/h-i686-mingw32/bin/../lib/gcc/nios2-elf/4.7.3/../../../../../H-i686-mingw32/nios2-elf/lib\libstack.a(_stack.o)
 *(.gnu.warning.*)
 *(.fini)
                0x000247b0                PROVIDE (__etext, ABSOLUTE (.))
                0x000247b0                PROVIDE (_etext, ABSOLUTE (.))
                0x000247b0                PROVIDE (etext, ABSOLUTE (.))
 *(.eh_frame_hdr)
                0x000247b0                . = ALIGN (0x4)
                0x000247b0                PROVIDE (__preinit_array_start, ABSOLUTE (.))
 *(.preinit_array)
                0x000247b0                PROVIDE (__preinit_array_end, ABSOLUTE (.))
                0x000247b0                PROVIDE (__init_array_start, ABSOLUTE (.))
 *(.init_array)
                0x000247b0                PROVIDE (__init_array_end, ABSOLUTE (.))
                0x000247b0                PROVIDE (__fini_array_start, ABSOLUTE (.))
 *(.fini_array)
                0x000247b0                PROVIDE (__fini_array_end, ABSOLUTE (.))
 *(.eh_frame)
 *(.gcc_except_table .gcc_except_table.*)
 *(.dynamic)
                0x000247b0                PROVIDE (__CTOR_LIST__, ABSOLUTE (.))
 *crtdotors.o(.ctors)
 *(EXCLUDE_FILE(*crtendtors.o) .ctors)
 *(SORT(.ctors.*))
 *(.ctors)
 *crtdotors.o(.dtors)
                0x000247b0                PROVIDE (__CTOR_END__, ABSOLUTE (.))
                0x000247b0                PROVIDE (__DTOR_LIST__, ABSOLUTE (.))
 *(EXCLUDE_FILE(*crtendtors.o) .dtors)
 *(SORT(.dtors.*))
 *(.dtors)
                0x000247b0                PROVIDE (__DTOR_END__, ABSOLUTE (.))
 *(.jcr)

.rodata         0x000247b0     0x49d0
                0x000247b0                PROVIDE (__ram_rodata_start, ABSOLUTE (.))
                0x000247b0                . = ALIGN (0x4)
 *(.rodata .rodata.* .gnu.linkonce.r.*)
 .rodata.str1.4
                0x000247b0       0x1e altera_avalon_tse_system_info.o
                                 0x20 (size before relaxing)
 *fill*         0x000247ce        0x2 
 .rodata.str1.4
                0x000247d0     0x104f altera_avalon_tse.o
                               0x1050 (size before relaxing)
 *fill*         0x0002581f        0x1 
 .rodata        0x00025820       0x64 altera_avalon_tse.o
 .rodata        0x00025884       0x20 altera_vic_irq_init.o
 .rodata.str1.4
                0x000258a4        0xa alt_dev.o
                                  0xc (size before relaxing)
 *fill*         0x000258ae        0x2 
 .rodata.str1.4
                0x000258b0        0xf alt_main.o
                                 0x10 (size before relaxing)
 .rodata.str1.4
                0x00000000       0x20 alt_sys_init.o
 *fill*         0x000258bf        0x1 
 .rodata.str1.4
                0x000258c0      0x197 mem.o
                                0x198 (size before relaxing)
 *fill*         0x00025a57        0x1 
 .rodata.str1.4
                0x00025a58       0x90 memp.o
                                 0xb8 (size before relaxing)
 .rodata        0x00025ae8       0x24 memp.o
 .rodata.str1.4
                0x00025b0c       0x42 netif.o
                                 0x6c (size before relaxing)
 *fill*         0x00025b4e        0x2 
 .rodata.str1.4
                0x00025b50      0x3b5 pbuf.o
                                0x3ec (size before relaxing)
 *fill*         0x00025f05        0x3 
 .rodata.str1.4
                0x00025f08       0x50 raw.o
                                 0x78 (size before relaxing)
 .rodata.str1.4
                0x00025f58      0x406 tcp.o
                                0x440 (size before relaxing)
 *fill*         0x0002635e        0x2 
 .rodata        0x00026360       0x4c tcp.o
                0x00026360                tcp_pcb_lists
                0x00026370                tcp_backoff
                0x00026380                tcp_state_str
 .rodata.str1.4
                0x000263ac      0x2fa tcp_in.o
                                0x324 (size before relaxing)
 *fill*         0x000266a6        0x2 
 .rodata.str1.4
                0x000266a8      0x35f tcp_out.o
                                0x388 (size before relaxing)
 *fill*         0x00026a07        0x1 
 .rodata.str1.4
                0x00026a08       0x8a udp.o
                                 0xb4 (size before relaxing)
 *fill*         0x00026a92        0x2 
 .rodata.str1.4
                0x00026a94      0x450 dhcp.o
                                0x478 (size before relaxing)
 .rodata.str1.4
                0x00026ee4      0x145 icmp.o
                                0x170 (size before relaxing)
 *fill*         0x00027029        0x3 
 .rodata.str1.4
                0x0002702c       0x41 inet_chksum.o
                                 0x6c (size before relaxing)
 *fill*         0x0002706d        0x3 
 .rodata.str1.4
                0x00027070       0x65 ip.o
                                 0x90 (size before relaxing)
 *fill*         0x000270d5        0x3 
 .rodata.str1.4
                0x000270d8       0x3d ip_addr.o
                                 0x68 (size before relaxing)
 *fill*         0x00027115        0x3 
 .rodata.str1.4
                0x00027118      0x12d ip_frag.o
                                0x158 (size before relaxing)
 *fill*         0x00027245        0x3 
 .rodata.str1.4
                0x00027248      0x1cf etharp.o
                                0x22c (size before relaxing)
 *fill*         0x00027417        0x1 
 .rodata.str1.4
                0x00027418       0x8d alteraTseEthernetif.o
                                 0xc8 (size before relaxing)
 *fill*         0x000274a5        0x3 
 .rodata        0x000274a8      0xc80 fs.o
                0x000274a8                file_index_html
                0x000274b8                file_404_html
                0x000274c8                file_img_sics_gif
 .rodata.str1.4
                0x00028128       0x8e httpd.o
                                 0xb8 (size before relaxing)
 *fill*         0x000281b6        0x2 
 .rodata.str1.4
                0x000281b8      0x1a0 lwip_tse_mac.o
 .rodata.str1.4
                0x00028358      0x51a lwip_test.o
                                0x520 (size before relaxing)
 *fill*         0x00028872        0x2 
 .rodata        0x00028874       0x5c banner.o
 .rodata.str1.4
                0x000288d0       0x1e log_output.o
                                 0x20 (size before relaxing)
 *fill*         0x000288ee        0x2 
 .rodata        0x000288f0       0x34 log_output.o
 .rodata.str1.4
                0x00028924       0x2d t_perror.o
                                 0x30 (size before relaxing)
 *fill*         0x00028951        0x3 
 .rodata.str1.4
                0x00028954      0x216 strerror.o
                                0x244 (size before relaxing)
 *fill*         0x00028b6a        0x2 
 .rodata        0x00028b6c       0x74 strerror.o
 .rodata        0x00028be0      0x1a0 Os_Lcfg.o
                0x00028be0                isr_p_isrcb_tbl
                0x00028c60                isr_tbl
                0x00028ce0                intinib_table
                0x00028d00                alminib_table
                0x00028d18                hwcntinib_table
                0x00028d44                cntinib_table
                0x00028d64                tinib_table
 .rodata.str1.4
                0x00028d80       0x57 libkernel.a(target_config.o)
                                 0x58 (size before relaxing)
 *fill*         0x00028dd7        0x1 
 .rodata.str1.4
                0x00028dd8       0x43 libkernel.a(prc_config.o)
                                 0x44 (size before relaxing)
 *fill*         0x00028e1b        0x1 
 .rodata.str1.4
                0x00028e1c       0x22 libkernel.a(counter_manage.o)
                                 0x24 (size before relaxing)
 .rodata.str1.4
                0x00000000       0x24 libkernel.a(counter.o)
 .rodata.str1.4
                0x00000000       0x24 libkernel.a(alarm.o)
 .rodata.str1.4
                0x00000000       0x24 libkernel.a(osctl_manage.o)
 .rodata.str1.4
                0x00000000       0x24 libkernel.a(task_manage.o)
 .rodata.str1.4
                0x00000000       0x24 libkernel.a(interrupt_manage.o)
 *fill*         0x00028e3e        0x2 
 .rodata.str1.4
                0x00028e40       0x19 libkernel.a(interrupt.o)
                                 0x40 (size before relaxing)
 *fill*         0x00028e59        0x3 
 .rodata.str1.4
                0x00028e5c       0x2c libkernel.a(task.o)
                                 0x50 (size before relaxing)
 .rodata        0x00028e88        0xf libkernel.a(task.o)
 *fill*         0x00028e97        0x1 
 .rodata.str1.4
                0x00028e98        0x2 c:/altera/13.1/nios2eds/bin/gnu/h-i686-mingw32/bin/../lib/gcc/nios2-elf/4.7.3/../../../../../H-i686-mingw32/nios2-elf/lib\libc.a(lib_a-impure.o)
                                  0x4 (size before relaxing)
 .rodata.str1.4
                0x00000000        0x2 c:/altera/13.1/nios2eds/bin/gnu/h-i686-mingw32/bin/../lib/gcc/nios2-elf/4.7.3/../../../../../H-i686-mingw32/nios2-elf/lib\libc.a(lib_a-puts.o)
                                  0x4 (size before relaxing)
 *fill*         0x00028e9a        0x2 
 .rodata.str1.4
                0x00028e9c       0x3f c:/altera/13.1/nios2eds/bin/gnu/h-i686-mingw32/bin/../lib/gcc/nios2-elf/4.7.3/../../../../../H-i686-mingw32/nios2-elf/lib\libc.a(lib_a-vfprintf.o)
                                 0x44 (size before relaxing)
 .rodata        0x00028edb       0x20 c:/altera/13.1/nios2eds/bin/gnu/h-i686-mingw32/bin/../lib/gcc/nios2-elf/4.7.3/../../../../../H-i686-mingw32/nios2-elf/lib\libc.a(lib_a-vfprintf.o)
 *fill*         0x00028efb        0x1 
 .rodata.str1.4
                0x00028efc       0x10 c:/altera/13.1/nios2eds/bin/gnu/h-i686-mingw32/bin/../lib/gcc/nios2-elf/4.7.3/../../../../../H-i686-mingw32/nios2-elf/lib\libc.a(lib_a-dtoa.o)
                                 0x14 (size before relaxing)
 .rodata.str1.4
                0x00028f0c        0xc c:/altera/13.1/nios2eds/bin/gnu/h-i686-mingw32/bin/../lib/gcc/nios2-elf/4.7.3/../../../../../H-i686-mingw32/nios2-elf/lib\libc.a(lib_a-locale.o)
                                 0x18 (size before relaxing)
 .rodata        0x00028f18       0x30 c:/altera/13.1/nios2eds/bin/gnu/h-i686-mingw32/bin/../lib/gcc/nios2-elf/4.7.3/../../../../../H-i686-mingw32/nios2-elf/lib\libc.a(lib_a-locale.o)
 .rodata        0x00028f48      0x124 c:/altera/13.1/nios2eds/bin/gnu/h-i686-mingw32/bin/../lib/gcc/nios2-elf/4.7.3/../../../../../H-i686-mingw32/nios2-elf/lib\libc.a(lib_a-mprec.o)
                0x00028f48                __mprec_tinytens
                0x00028f70                __mprec_bigtens
                0x00028f98                __mprec_tens
 .rodata        0x0002906c       0x14 c:/altera/13.1/nios2eds/bin/gnu/h-i686-mingw32/bin/../lib/gcc/nios2-elf/4.7.3\libgcc.a(_thenan_df.o)
                0x0002906c                __thenan_df
 .rodata        0x00029080      0x100 c:/altera/13.1/nios2eds/bin/gnu/h-i686-mingw32/bin/../lib/gcc/nios2-elf/4.7.3\libgcc.a(_clz.o)
                0x00029080                __clz_tab
 *(.rodata1)
                0x00029180                . = ALIGN (0x4)
                0x00029180                PROVIDE (__ram_rodata_end, ABSOLUTE (.))
                0x000247b0                PROVIDE (__flash_rodata_start, LOADADDR (.rodata))

.rwdata         0x00029180      0xcfc
                0x00029180                PROVIDE (__ram_rwdata_start, ABSOLUTE (.))
                0x00029180                . = ALIGN (0x4)
 *(.got.plt)
 *(.got)
 *(.data1)
 *(.data .data.* .gnu.linkonce.d.*)
 .data          0x00029180        0x0 start.o
 .data          0x00029180        0x0 c:/altera/13.1/nios2eds/bin/gnu/h-i686-mingw32/bin/../lib/gcc/nios2-elf/4.7.3/../../../../../H-i686-mingw32/nios2-elf/lib/crt0.o
 .data          0x00029180        0x0 altera_avalon_sgdma.o
 .data          0x00029180      0x240 altera_avalon_tse_system_info.o
                0x00029180                tse_mac_device
 .data          0x000293c0        0x0 altera_avalon_tse.o
 .data          0x000293c0        0x0 altera_vic.o
 .data          0x000293c0        0x0 altera_vic_irq_init.o
 .data          0x000293c0        0x0 altera_vic_isr_register.o
 .data          0x000293c0        0x0 altera_vic_sw_intr.o
 .data          0x000293c0        0x0 altera_vic_set_level.o
 .data          0x000293c0        0x0 alt_usleep.o
 .data          0x000293c0        0x0 alt_busy_sleep.o
 .data          0x000293c0        0x0 alt_dcache_flush.o
 .data          0x000293c0        0x0 alt_irq_register.o
 .data          0x000293c0        0x0 alt_iic.o
 .data          0x000293c0        0x0 alt_remap_uncached.o
 .data          0x000293c0        0x0 alt_uncached_malloc.o
 .data          0x000293c0        0x0 alt_do_ctors.o
 .data          0x000293c0        0x0 alt_do_dtors.o
 .data          0x000293c0      0x1a8 alt_dev.o
                0x000293c0                alt_fd_list
                0x00029540                alt_dev_null
 .data          0x00029568        0x0 alt_dev_llist_insert.o
 .data          0x00029568        0x0 alt_errno.o
 .data          0x00029568        0x0 alt_find_dev.o
 .data          0x00029568        0x0 alt_io_redirect.o
 .data          0x00029568        0x0 alt_main.o
 .data          0x00029568        0x0 alt_malloc_lock.o
 .data          0x00029568        0x0 alt_release_fd.o
 .data          0x00029568       0x60 alt_sys_init.o
 .data          0x000295c8        0x0 api_lib.o
 .data          0x000295c8        0x0 api_msg.o
 .data          0x000295c8        0x0 err.o
 .data          0x000295c8        0x0 netbuf.o
 .data          0x000295c8        0x0 netdb.o
 .data          0x000295c8        0x0 netifapi.o
 .data          0x000295c8        0x0 sockets.o
 .data          0x000295c8        0x0 tcpip.o
 .data          0x000295c8        0x0 mem.o
 .data          0x000295c8        0x0 memp.o
 .data          0x000295c8        0x0 netif.o
 .data          0x000295c8        0x0 pbuf.o
 .data          0x000295c8        0x0 raw.o
 .data          0x000295c8        0x0 stats.o
 .data          0x000295c8        0x0 sys.o
 .data          0x000295c8        0x0 tcp.o
 .data          0x000295c8        0x0 tcp_in.o
 .data          0x000295c8        0x0 tcp_out.o
 .data          0x000295c8        0x0 udp.o
 .data          0x000295c8        0x0 dns.o
 .data          0x000295c8        0x0 init.o
 .data          0x000295c8        0x0 dhcp.o
 .data          0x000295c8        0x0 def.o
 .data          0x000295c8        0x0 timers.o
 .data          0x000295c8        0x0 asn1_dec.o
 .data          0x000295c8        0x0 asn1_enc.o
 .data          0x000295c8        0x0 mib2.o
 .data          0x000295c8        0x0 mib_structs.o
 .data          0x000295c8        0x0 msg_in.o
 .data          0x000295c8        0x0 msg_out.o
 .data          0x000295c8        0x0 autoip.o
 .data          0x000295c8        0x0 icmp.o
 .data          0x000295c8        0x0 igmp.o
 .data          0x000295c8        0x0 inet.o
 .data          0x000295c8        0x0 inet_chksum.o
 .data          0x000295c8        0x0 ip.o
 .data          0x000295c8        0x0 ip_addr.o
 .data          0x000295c8        0x0 ip_frag.o
 .data          0x000295c8        0x0 slipif.o
 .data          0x000295c8        0x0 etharp.o
 .data          0x000295c8        0x0 ethernetif.o
 .data          0x000295c8        0x0 auth.o
 .data          0x000295c8        0x0 fsm.o
 .data          0x000295c8        0x0 ipcp.o
 .data          0x000295c8        0x0 lcp.o
 .data          0x000295c8        0x0 magic.o
 .data          0x000295c8        0x0 ppp.o
 .data          0x000295c8        0x0 vj.o
 .data          0x000295c8        0x0 chap.o
 .data          0x000295c8        0x0 chpms.o
 .data          0x000295c8        0x0 md5.o
 .data          0x000295c8        0x0 pap.o
 .data          0x000295c8        0x0 ppp_oe.o
 .data          0x000295c8        0x0 randm.o
 .data          0x000295c8        0x0 alteraTseEthernetif.o
 .data          0x000295c8        0x0 fs.o
 .data          0x000295c8        0x0 fsdata.o
 .data          0x000295c8        0x0 httpd.o
 .data          0x000295c8        0x0 lwip_tse_mac.o
 .data          0x000295c8        0x0 tse_my_system.o
 .data          0x000295c8        0x0 lwip_test.o
 .data          0x000295c8        0x0 jtag_uart.o
 .data          0x000295c8        0x0 banner.o
 .data          0x000295c8        0x0 syslog.o
 .data          0x000295c8        0x0 serial.o
 .data          0x000295c8        0x0 log_output.o
 .data          0x000295c8        0x0 vasyslog.o
 .data          0x000295c8        0x0 t_perror.o
 .data          0x000295c8        0x0 strerror.o
 .data          0x000295c8        0x0 Os_Lcfg.o
 .data          0x000295c8        0x0 libkernel.a(prc_support.o)
 .data          0x000295c8        0x0 libkernel.a(target_config.o)
 .data          0x000295c8        0x0 libkernel.a(target_hw_counter.o)
 .data          0x000295c8        0x0 libkernel.a(prc_config.o)
 .data          0x000295c8        0x0 libkernel.a(vic.o)
 .data          0x000295c8        0x0 libkernel.a(avalon_timer.o)
 .data          0x000295c8        0x0 libkernel.a(counter_manage.o)
 .data          0x000295c8        0x0 libkernel.a(counter.o)
 .data          0x000295c8        0x0 libkernel.a(alarm.o)
 .data          0x000295c8        0x0 libkernel.a(osctl_manage.o)
 .data          0x000295c8        0x0 libkernel.a(osctl.o)
 .data          0x000295c8        0x0 libkernel.a(task_manage.o)
 .data          0x000295c8        0x0 libkernel.a(interrupt_manage.o)
 .data          0x000295c8        0x0 libkernel.a(interrupt.o)
 .data          0x000295c8        0x0 libkernel.a(task.o)
 .data          0x000295c8        0x0 c:/altera/13.1/nios2eds/bin/gnu/h-i686-mingw32/bin/../lib/gcc/nios2-elf/4.7.3/../../../../../H-i686-mingw32/nios2-elf/lib\libc.a(lib_a-atexit.o)
 .data          0x000295c8        0x0 c:/altera/13.1/nios2eds/bin/gnu/h-i686-mingw32/bin/../lib/gcc/nios2-elf/4.7.3/../../../../../H-i686-mingw32/nios2-elf/lib\libc.a(lib_a-exit.o)
 .data          0x000295c8      0x400 c:/altera/13.1/nios2eds/bin/gnu/h-i686-mingw32/bin/../lib/gcc/nios2-elf/4.7.3/../../../../../H-i686-mingw32/nios2-elf/lib\libc.a(lib_a-impure.o)
 .data          0x000299c8        0x0 c:/altera/13.1/nios2eds/bin/gnu/h-i686-mingw32/bin/../lib/gcc/nios2-elf/4.7.3/../../../../../H-i686-mingw32/nios2-elf/lib\libc.a(lib_a-int_errno.o)
 .data          0x000299c8        0x0 c:/altera/13.1/nios2eds/bin/gnu/h-i686-mingw32/bin/../lib/gcc/nios2-elf/4.7.3/../../../../../H-i686-mingw32/nios2-elf/lib\libc.a(lib_a-malloc.o)
 .data          0x000299c8      0x408 c:/altera/13.1/nios2eds/bin/gnu/h-i686-mingw32/bin/../lib/gcc/nios2-elf/4.7.3/../../../../../H-i686-mingw32/nios2-elf/lib\libc.a(lib_a-mallocr.o)
                0x000299c8                __malloc_av_
 .data          0x00029dd0        0x0 c:/altera/13.1/nios2eds/bin/gnu/h-i686-mingw32/bin/../lib/gcc/nios2-elf/4.7.3/../../../../../H-i686-mingw32/nios2-elf/lib\libc.a(lib_a-memcmp.o)
 .data          0x00029dd0        0x0 c:/altera/13.1/nios2eds/bin/gnu/h-i686-mingw32/bin/../lib/gcc/nios2-elf/4.7.3/../../../../../H-i686-mingw32/nios2-elf/lib\libc.a(lib_a-memcpy.o)
 .data          0x00029dd0        0x0 c:/altera/13.1/nios2eds/bin/gnu/h-i686-mingw32/bin/../lib/gcc/nios2-elf/4.7.3/../../../../../H-i686-mingw32/nios2-elf/lib\libc.a(lib_a-memset.o)
 .data          0x00029dd0        0x0 c:/altera/13.1/nios2eds/bin/gnu/h-i686-mingw32/bin/../lib/gcc/nios2-elf/4.7.3/../../../../../H-i686-mingw32/nios2-elf/lib\libc.a(lib_a-printf.o)
 .data          0x00029dd0        0x0 c:/altera/13.1/nios2eds/bin/gnu/h-i686-mingw32/bin/../lib/gcc/nios2-elf/4.7.3/../../../../../H-i686-mingw32/nios2-elf/lib\libc.a(lib_a-puts.o)
 .data          0x00029dd0        0x0 c:/altera/13.1/nios2eds/bin/gnu/h-i686-mingw32/bin/../lib/gcc/nios2-elf/4.7.3/../../../../../H-i686-mingw32/nios2-elf/lib\libc.a(lib_a-sbrkr.o)
 .data          0x00029dd0        0x0 c:/altera/13.1/nios2eds/bin/gnu/h-i686-mingw32/bin/../lib/gcc/nios2-elf/4.7.3/../../../../../H-i686-mingw32/nios2-elf/lib\libc.a(lib_a-strcmp.o)
 .data          0x00029dd0        0x0 c:/altera/13.1/nios2eds/bin/gnu/h-i686-mingw32/bin/../lib/gcc/nios2-elf/4.7.3/../../../../../H-i686-mingw32/nios2-elf/lib\libc.a(lib_a-strcpy.o)
 .data          0x00029dd0        0x0 c:/altera/13.1/nios2eds/bin/gnu/h-i686-mingw32/bin/../lib/gcc/nios2-elf/4.7.3/../../../../../H-i686-mingw32/nios2-elf/lib\libc.a(lib_a-strlen.o)
 .data          0x00029dd0        0x0 c:/altera/13.1/nios2eds/bin/gnu/h-i686-mingw32/bin/../lib/gcc/nios2-elf/4.7.3/../../../../../H-i686-mingw32/nios2-elf/lib\libc.a(lib_a-strncmp.o)
 .data          0x00029dd0        0x0 c:/altera/13.1/nios2eds/bin/gnu/h-i686-mingw32/bin/../lib/gcc/nios2-elf/4.7.3/../../../../../H-i686-mingw32/nios2-elf/lib\libc.a(lib_a-vfprintf.o)
 .data          0x00029dd0        0x0 c:/altera/13.1/nios2eds/bin/gnu/h-i686-mingw32/bin/../lib/gcc/nios2-elf/4.7.3/../../../../../H-i686-mingw32/nios2-elf/lib\libc.a(lib_a-wsetup.o)
 .data          0x00029dd0        0x0 c:/altera/13.1/nios2eds/bin/gnu/h-i686-mingw32/bin/../lib/gcc/nios2-elf/4.7.3/../../../../../H-i686-mingw32/nios2-elf/lib\libc.a(lib_a-__atexit.o)
 .data          0x00029dd0        0x0 c:/altera/13.1/nios2eds/bin/gnu/h-i686-mingw32/bin/../lib/gcc/nios2-elf/4.7.3/../../../../../H-i686-mingw32/nios2-elf/lib\libc.a(lib_a-__call_atexit.o)
 .data          0x00029dd0        0x0 c:/altera/13.1/nios2eds/bin/gnu/h-i686-mingw32/bin/../lib/gcc/nios2-elf/4.7.3/../../../../../H-i686-mingw32/nios2-elf/lib\libc.a(lib_a-dtoa.o)
 .data          0x00029dd0        0x0 c:/altera/13.1/nios2eds/bin/gnu/h-i686-mingw32/bin/../lib/gcc/nios2-elf/4.7.3/../../../../../H-i686-mingw32/nios2-elf/lib\libc.a(lib_a-fflush.o)
 .data          0x00029dd0        0x0 c:/altera/13.1/nios2eds/bin/gnu/h-i686-mingw32/bin/../lib/gcc/nios2-elf/4.7.3/../../../../../H-i686-mingw32/nios2-elf/lib\libc.a(lib_a-findfp.o)
 .data          0x00029dd0        0x0 c:/altera/13.1/nios2eds/bin/gnu/h-i686-mingw32/bin/../lib/gcc/nios2-elf/4.7.3/../../../../../H-i686-mingw32/nios2-elf/lib\libc.a(lib_a-freer.o)
 .data          0x00029dd0        0x0 c:/altera/13.1/nios2eds/bin/gnu/h-i686-mingw32/bin/../lib/gcc/nios2-elf/4.7.3/../../../../../H-i686-mingw32/nios2-elf/lib\libc.a(lib_a-fvwrite.o)
 .data          0x00029dd0        0x0 c:/altera/13.1/nios2eds/bin/gnu/h-i686-mingw32/bin/../lib/gcc/nios2-elf/4.7.3/../../../../../H-i686-mingw32/nios2-elf/lib\libc.a(lib_a-fwalk.o)
 .data          0x00029dd0        0xc c:/altera/13.1/nios2eds/bin/gnu/h-i686-mingw32/bin/../lib/gcc/nios2-elf/4.7.3/../../../../../H-i686-mingw32/nios2-elf/lib\libc.a(lib_a-locale.o)
                0x00029dd0                __lc_ctype
 .data          0x00029ddc        0x0 c:/altera/13.1/nios2eds/bin/gnu/h-i686-mingw32/bin/../lib/gcc/nios2-elf/4.7.3/../../../../../H-i686-mingw32/nios2-elf/lib\libc.a(lib_a-makebuf.o)
 .data          0x00029ddc        0x0 c:/altera/13.1/nios2eds/bin/gnu/h-i686-mingw32/bin/../lib/gcc/nios2-elf/4.7.3/../../../../../H-i686-mingw32/nios2-elf/lib\libc.a(lib_a-memchr.o)
 .data          0x00029ddc        0x0 c:/altera/13.1/nios2eds/bin/gnu/h-i686-mingw32/bin/../lib/gcc/nios2-elf/4.7.3/../../../../../H-i686-mingw32/nios2-elf/lib\libc.a(lib_a-memmove.o)
 .data          0x00029ddc        0x0 c:/altera/13.1/nios2eds/bin/gnu/h-i686-mingw32/bin/../lib/gcc/nios2-elf/4.7.3/../../../../../H-i686-mingw32/nios2-elf/lib\libc.a(lib_a-mprec.o)
 .data          0x00029ddc        0x0 c:/altera/13.1/nios2eds/bin/gnu/h-i686-mingw32/bin/../lib/gcc/nios2-elf/4.7.3/../../../../../H-i686-mingw32/nios2-elf/lib\libc.a(lib_a-reallocr.o)
 .data          0x00029ddc        0x0 c:/altera/13.1/nios2eds/bin/gnu/h-i686-mingw32/bin/../lib/gcc/nios2-elf/4.7.3/../../../../../H-i686-mingw32/nios2-elf/lib\libc.a(lib_a-s_isinfd.o)
 .data          0x00029ddc        0x0 c:/altera/13.1/nios2eds/bin/gnu/h-i686-mingw32/bin/../lib/gcc/nios2-elf/4.7.3/../../../../../H-i686-mingw32/nios2-elf/lib\libc.a(lib_a-s_isnand.o)
 .data          0x00029ddc        0x0 c:/altera/13.1/nios2eds/bin/gnu/h-i686-mingw32/bin/../lib/gcc/nios2-elf/4.7.3/../../../../../H-i686-mingw32/nios2-elf/lib\libc.a(lib_a-stdio.o)
 .data          0x00029ddc        0x0 c:/altera/13.1/nios2eds/bin/gnu/h-i686-mingw32/bin/../lib/gcc/nios2-elf/4.7.3/../../../../../H-i686-mingw32/nios2-elf/lib\libc.a(lib_a-writer.o)
 .data          0x00029ddc        0x0 c:/altera/13.1/nios2eds/bin/gnu/h-i686-mingw32/bin/../lib/gcc/nios2-elf/4.7.3/../../../../../H-i686-mingw32/nios2-elf/lib\libc.a(lib_a-callocr.o)
 .data          0x00029ddc        0x0 c:/altera/13.1/nios2eds/bin/gnu/h-i686-mingw32/bin/../lib/gcc/nios2-elf/4.7.3/../../../../../H-i686-mingw32/nios2-elf/lib\libc.a(lib_a-closer.o)
 .data          0x00029ddc        0x0 c:/altera/13.1/nios2eds/bin/gnu/h-i686-mingw32/bin/../lib/gcc/nios2-elf/4.7.3/../../../../../H-i686-mingw32/nios2-elf/lib\libc.a(lib_a-fclose.o)
 .data          0x00029ddc        0x0 c:/altera/13.1/nios2eds/bin/gnu/h-i686-mingw32/bin/../lib/gcc/nios2-elf/4.7.3/../../../../../H-i686-mingw32/nios2-elf/lib\libc.a(lib_a-fstatr.o)
 .data          0x00029ddc        0x0 c:/altera/13.1/nios2eds/bin/gnu/h-i686-mingw32/bin/../lib/gcc/nios2-elf/4.7.3/../../../../../H-i686-mingw32/nios2-elf/lib\libc.a(lib_a-isattyr.o)
 .data          0x00029ddc        0x0 c:/altera/13.1/nios2eds/bin/gnu/h-i686-mingw32/bin/../lib/gcc/nios2-elf/4.7.3/../../../../../H-i686-mingw32/nios2-elf/lib\libc.a(lib_a-lseekr.o)
 .data          0x00029ddc        0x0 c:/altera/13.1/nios2eds/bin/gnu/h-i686-mingw32/bin/../lib/gcc/nios2-elf/4.7.3/../../../../../H-i686-mingw32/nios2-elf/lib\libc.a(lib_a-readr.o)
 .data          0x00029ddc        0x0 c:/altera/13.1/nios2eds/bin/gnu/h-i686-mingw32/bin/../lib/gcc/nios2-elf/4.7.3\libgcc.a(_udivdi3.o)
 .data          0x00029ddc        0x0 c:/altera/13.1/nios2eds/bin/gnu/h-i686-mingw32/bin/../lib/gcc/nios2-elf/4.7.3\libgcc.a(_umoddi3.o)
 .data          0x00029ddc        0x0 c:/altera/13.1/nios2eds/bin/gnu/h-i686-mingw32/bin/../lib/gcc/nios2-elf/4.7.3\libgcc.a(_addsub_df.o)
 .data          0x00029ddc        0x0 c:/altera/13.1/nios2eds/bin/gnu/h-i686-mingw32/bin/../lib/gcc/nios2-elf/4.7.3\libgcc.a(_mul_df.o)
 .data          0x00029ddc        0x0 c:/altera/13.1/nios2eds/bin/gnu/h-i686-mingw32/bin/../lib/gcc/nios2-elf/4.7.3\libgcc.a(_div_df.o)
 .data          0x00029ddc        0x0 c:/altera/13.1/nios2eds/bin/gnu/h-i686-mingw32/bin/../lib/gcc/nios2-elf/4.7.3\libgcc.a(_eq_df.o)
 .data          0x00029ddc        0x0 c:/altera/13.1/nios2eds/bin/gnu/h-i686-mingw32/bin/../lib/gcc/nios2-elf/4.7.3\libgcc.a(_ne_df.o)
 .data          0x00029ddc        0x0 c:/altera/13.1/nios2eds/bin/gnu/h-i686-mingw32/bin/../lib/gcc/nios2-elf/4.7.3\libgcc.a(_gt_df.o)
 .data          0x00029ddc        0x0 c:/altera/13.1/nios2eds/bin/gnu/h-i686-mingw32/bin/../lib/gcc/nios2-elf/4.7.3\libgcc.a(_ge_df.o)
 .data          0x00029ddc        0x0 c:/altera/13.1/nios2eds/bin/gnu/h-i686-mingw32/bin/../lib/gcc/nios2-elf/4.7.3\libgcc.a(_lt_df.o)
 .data          0x00029ddc        0x0 c:/altera/13.1/nios2eds/bin/gnu/h-i686-mingw32/bin/../lib/gcc/nios2-elf/4.7.3\libgcc.a(_si_to_df.o)
 .data          0x00029ddc        0x0 c:/altera/13.1/nios2eds/bin/gnu/h-i686-mingw32/bin/../lib/gcc/nios2-elf/4.7.3\libgcc.a(_df_to_si.o)
 .data          0x00029ddc        0x0 c:/altera/13.1/nios2eds/bin/gnu/h-i686-mingw32/bin/../lib/gcc/nios2-elf/4.7.3\libgcc.a(_thenan_df.o)
 .data          0x00029ddc        0x0 c:/altera/13.1/nios2eds/bin/gnu/h-i686-mingw32/bin/../lib/gcc/nios2-elf/4.7.3\libgcc.a(_usi_to_df.o)
 .data          0x00029ddc        0x0 c:/altera/13.1/nios2eds/bin/gnu/h-i686-mingw32/bin/../lib/gcc/nios2-elf/4.7.3\libgcc.a(lib2-divmod.o)
 .data          0x00029ddc        0x0 c:/altera/13.1/nios2eds/bin/gnu/h-i686-mingw32/bin/../lib/gcc/nios2-elf/4.7.3\libgcc.a(_muldi3.o)
 .data          0x00029ddc        0x0 c:/altera/13.1/nios2eds/bin/gnu/h-i686-mingw32/bin/../lib/gcc/nios2-elf/4.7.3\libgcc.a(_clz.o)
 .data          0x00029ddc        0x0 c:/altera/13.1/nios2eds/bin/gnu/h-i686-mingw32/bin/../lib/gcc/nios2-elf/4.7.3\libgcc.a(_clzsi2.o)
 .data          0x00029ddc        0x0 c:/altera/13.1/nios2eds/bin/gnu/h-i686-mingw32/bin/../lib/gcc/nios2-elf/4.7.3\libgcc.a(_pack_df.o)
 .data          0x00029ddc        0x0 c:/altera/13.1/nios2eds/bin/gnu/h-i686-mingw32/bin/../lib/gcc/nios2-elf/4.7.3\libgcc.a(_unpack_df.o)
 .data          0x00029ddc        0x0 c:/altera/13.1/nios2eds/bin/gnu/h-i686-mingw32/bin/../lib/gcc/nios2-elf/4.7.3\libgcc.a(_fpcmp_parts_df.o)
 .data          0x00029ddc        0x0 c:/altera/13.1/nios2eds/bin/gnu/h-i686-mingw32/bin/../lib/gcc/nios2-elf/4.7.3\libgcc.a(_lshrdi3.o)
 .data          0x00029ddc        0x0 c:/altera/13.1/nios2eds/bin/gnu/h-i686-mingw32/bin/../lib/gcc/nios2-elf/4.7.3\libgcc.a(_ashldi3.o)
 .data          0x00029ddc        0x0 c:/altera/13.1/nios2eds/bin/gnu/h-i686-mingw32/bin/../lib/gcc/nios2-elf/4.7.3/../../../../../H-i686-mingw32/nios2-elf/lib\libnosys.a(nosys_sbrk.o)
 .data          0x00029ddc        0x0 c:/altera/13.1/nios2eds/bin/gnu/h-i686-mingw32/bin/../lib/gcc/nios2-elf/4.7.3/../../../../../H-i686-mingw32/nios2-elf/lib\libnosys.a(nosys_close.o)
 .data          0x00029ddc        0x0 c:/altera/13.1/nios2eds/bin/gnu/h-i686-mingw32/bin/../lib/gcc/nios2-elf/4.7.3/../../../../../H-i686-mingw32/nios2-elf/lib\libnosys.a(nosys_crt0.o)
 .data          0x00029ddc        0x0 c:/altera/13.1/nios2eds/bin/gnu/h-i686-mingw32/bin/../lib/gcc/nios2-elf/4.7.3/../../../../../H-i686-mingw32/nios2-elf/lib\libnosys.a(nosys_exit.o)
 .data          0x00029ddc        0x0 c:/altera/13.1/nios2eds/bin/gnu/h-i686-mingw32/bin/../lib/gcc/nios2-elf/4.7.3/../../../../../H-i686-mingw32/nios2-elf/lib\libnosys.a(nosys_fstat.o)
 .data          0x00029ddc        0x0 c:/altera/13.1/nios2eds/bin/gnu/h-i686-mingw32/bin/../lib/gcc/nios2-elf/4.7.3/../../../../../H-i686-mingw32/nios2-elf/lib\libnosys.a(nosys_isatty.o)
 .data          0x00029ddc        0x0 c:/altera/13.1/nios2eds/bin/gnu/h-i686-mingw32/bin/../lib/gcc/nios2-elf/4.7.3/../../../../../H-i686-mingw32/nios2-elf/lib\libnosys.a(nosys_lseek.o)
 .data          0x00029ddc        0x0 c:/altera/13.1/nios2eds/bin/gnu/h-i686-mingw32/bin/../lib/gcc/nios2-elf/4.7.3/../../../../../H-i686-mingw32/nios2-elf/lib\libnosys.a(nosys_open.o)
 .data          0x00029ddc        0x0 c:/altera/13.1/nios2eds/bin/gnu/h-i686-mingw32/bin/../lib/gcc/nios2-elf/4.7.3/../../../../../H-i686-mingw32/nios2-elf/lib\libnosys.a(nosys_read.o)
 .data          0x00029ddc        0x0 c:/altera/13.1/nios2eds/bin/gnu/h-i686-mingw32/bin/../lib/gcc/nios2-elf/4.7.3/../../../../../H-i686-mingw32/nios2-elf/lib\libnosys.a(nosys_write.o)
 .data          0x00029ddc        0x0 c:/altera/13.1/nios2eds/bin/gnu/h-i686-mingw32/bin/../lib/gcc/nios2-elf/4.7.3/../../../../../H-i686-mingw32/nios2-elf/lib\libnosys.a(_zero_bss.o)
 .data          0x00029ddc        0x0 c:/altera/13.1/nios2eds/bin/gnu/h-i686-mingw32/bin/../lib/gcc/nios2-elf/4.7.3/../../../../../H-i686-mingw32/nios2-elf/lib\libstack.a(_stack.o)
                0x00031dcc                _gp = ABSOLUTE ((. + 0x7ff0))
                0x00031dcc                PROVIDE (gp, _gp)
 *(.rwdata .rwdata.*)
 *(.sdata .sdata.* .gnu.linkonce.s.*)
 .sdata         0x00029ddc        0x8 altera_avalon_sgdma.o
                0x00029ddc                alt_sgdma_list
 .sdata         0x00029de4        0x1 altera_avalon_tse.o
                0x00029de4                max_mac_system
 *fill*         0x00029de5        0x3 
 .sdata         0x00029de8       0x14 alt_dev.o
                0x00029de8                alt_max_fd
                0x00029dec                alt_dev_list
                0x00029df4                alt_fs_list
 .sdata         0x00029dfc        0x4 alt_errno.o
                0x00029dfc                alt_errno
 .sdata         0x00029e00       0x10 tcp.o
                0x00029e00                tcp_persist_backoff
 .sdata         0x00029e10        0x2 udp.o
 *fill*         0x00029e12        0x2 
 .sdata         0x00029e14        0x4 dhcp.o
 .sdata         0x00029e18        0x8 ip_addr.o
                0x00029e18                ip_addr_broadcast
                0x00029e1c                ip_addr_any
 .sdata         0x00029e20        0xc etharp.o
                0x00029e20                ethzero
                0x00029e26                ethbroadcast
 .sdata         0x00029e2c       0x3c Os_Lcfg.o
                0x00029e2c                tmin_status_il
                0x00029e30                _ostkpt
                0x00029e34                _ostk
                0x00029e38                _ostksz
                0x00029e3c                tnum_intno
                0x00029e40                tnum_implscheduletable
                0x00029e44                tnum_scheduletable
                0x00029e48                tnum_appmode
                0x00029e4c                tnum_exttask
                0x00029e50                tnum_task
                0x00029e54                tnum_stdresource
                0x00029e58                tnum_isr2
                0x00029e5c                tnum_hardcounter
                0x00029e60                tnum_counter
                0x00029e64                tnum_alarm
 .sdata         0x00029e68        0x8 c:/altera/13.1/nios2eds/bin/gnu/h-i686-mingw32/bin/../lib/gcc/nios2-elf/4.7.3/../../../../../H-i686-mingw32/nios2-elf/lib\libc.a(lib_a-impure.o)
                0x00029e68                _global_impure_ptr
                0x00029e6c                _impure_ptr
 .sdata         0x00029e70        0x8 c:/altera/13.1/nios2eds/bin/gnu/h-i686-mingw32/bin/../lib/gcc/nios2-elf/4.7.3/../../../../../H-i686-mingw32/nios2-elf/lib\libc.a(lib_a-mallocr.o)
                0x00029e70                __malloc_sbrk_base
                0x00029e74                __malloc_trim_threshold
 .sdata         0x00029e78        0x4 c:/altera/13.1/nios2eds/bin/gnu/h-i686-mingw32/bin/../lib/gcc/nios2-elf/4.7.3/../../../../../H-i686-mingw32/nios2-elf/lib\libc.a(lib_a-locale.o)
                0x00029e78                __mb_cur_max
 *(.sdata2 .sdata2.* .gnu.linkonce.s2.*)
                0x00029e7c                . = ALIGN (0x4)
                0x00029e7c                _edata = ABSOLUTE (.)
                0x00029e7c                PROVIDE (edata, ABSOLUTE (.))
                0x00029e7c                PROVIDE (__ram_rwdata_end, ABSOLUTE (.))
                0x00029180                PROVIDE (__flash_rwdata_start, LOADADDR (.rwdata))

.bss            0x00029e7c     0xed6c
                0x00029e7c                __bss_start = ABSOLUTE (.)
                0x00029e7c                PROVIDE (__sbss_start, ABSOLUTE (.))
                0x00029e7c                PROVIDE (___sbss_start, ABSOLUTE (.))
 *(.dynsbss)
 *(.sbss .sbss.* .gnu.linkonce.sb.*)
 .sbss          0x00029e7c        0x4 altera_avalon_tse.o
                0x00029e7c                mac_group_count
                0x00029e7d                phy_profile_count
 .sbss          0x00029e80        0x4 altera_vic_irq_init.o
                0x00029e80                alt_vic_dev_list
 .sbss          0x00029e84        0xc alt_main.o
                0x00029e84                alt_envp
                0x00029e88                alt_argv
                0x00029e8c                alt_argc
 .sbss          0x00029e90        0xc mem.o
 .sbss          0x00029e9c        0xc netif.o
                0x00029e9c                netif_default
                0x00029ea0                netif_list
 .sbss          0x00029ea8        0x1 pbuf.o
                0x00029ea8                pbuf_free_ooseq_pending
 *fill*         0x00029ea9        0x3 
 .sbss          0x00029eac        0x4 raw.o
 .sbss          0x00029eb0       0x20 tcp.o
                0x00029eb0                tcp_active_pcbs_changed
                0x00029eb4                tcp_tmp_pcb
                0x00029eb8                tcp_tw_pcbs
                0x00029ebc                tcp_active_pcbs
                0x00029ec0                tcp_listen_pcbs
                0x00029ec4                tcp_bound_pcbs
                0x00029ec8                tcp_ticks
 .sbss          0x00029ed0       0x20 tcp_in.o
                0x00029ed0                tcp_input_pcb
 .sbss          0x00029ef0        0x4 udp.o
                0x00029ef0                udp_pcbs
 .sbss          0x00029ef4       0x14 ip.o
                0x00029ef4                current_iphdr_dest
                0x00029ef8                current_iphdr_src
                0x00029efc                current_header
                0x00029f00                current_netif
 .sbss          0x00029f08        0x8 ip_frag.o
 .sbss          0x00029f10        0x1 etharp.o
 *fill*         0x00029f11        0x3 
 .sbss          0x00029f14        0xc lwip_test.o
                0x00029f14                lwipStaticIp
 .sbss          0x00029f20        0x1 jtag_uart.o
 *fill*         0x00029f21        0x3 
 .sbss          0x00029f24        0x4 syslog.o
 .sbss          0x00029f28        0x2 serial.o
 *fill*         0x00029f2a        0x2 
 .sbss          0x00029f2c        0xc libkernel.a(target_hw_counter.o)
 .sbss          0x00029f38       0x1c libkernel.a(prc_config.o)
                0x00029f38                saved_status_il
                0x00029f3c                nested_lock_os_int_cnt
                0x00029f40                nios2_cpu_exp_sp
                0x00029f44                nios2_cpu_exp_bad_addr
                0x00029f48                nios2_cpu_exp_pc
                0x00029f4c                nios2_cpu_exp_no
                0x00029f50                except_nest_cnt
 .sbss          0x00029f54        0x4 libkernel.a(avalon_timer.o)
 .sbss          0x00029f58       0x14 libkernel.a(osctl_manage.o)
                0x00029f58                fatal_line_num
                0x00029f5c                fatal_file_name
                0x00029f60                kerflg
                0x00029f64                appmodeid
                0x00029f68                callevel_stat
 .sbss          0x00029f6c       0x1c libkernel.a(osctl.o)